******************************************************************************
                  MSP430 Linker PC v4.4.3                      
******************************************************************************
>> Linked Tue Jul 19 17:22:39 2016

OUTPUT FILE NAME:   <mpptCtrlFinal.out>
ENTRY POINT SYMBOL: "_c_int00_noargs_noexit"  address: 0000eb40


MEMORY CONFIGURATION

         name            origin    length      used     unused   attr    fill
----------------------  --------  ---------  --------  --------  ----  --------
  SFR                   00000000   00000010  00000000  00000010  RWIX
  PERIPHERALS_8BIT      00000010   000000f0  00000000  000000f0  RWIX
  PERIPHERALS_16BIT     00000100   00000100  00000000  00000100  RWIX
  INFOB                 00001800   00000080  00000000  00000080  RWIX
  INFOA                 00001880   00000080  00000000  00000080  RWIX
  RAM                   00001c00   00000400  00000058  000003a8  RWIX
  FRAM                  0000c200   00003d80  00002d06  0000107a  RWIX
  JTAGSIGNATURE         0000ff80   00000004  00000004  00000000  RWIX  ffff 
  BSLSIGNATURE          0000ff84   00000004  00000004  00000000  RWIX  ffff 
  IPESIGNATURE          0000ff88   00000008  00000008  00000000  RWIX  ffff 
  INT00                 0000ff90   00000002  00000000  00000002  RWIX
  INT01                 0000ff92   00000002  00000000  00000002  RWIX
  INT02                 0000ff94   00000002  00000000  00000002  RWIX
  INT03                 0000ff96   00000002  00000000  00000002  RWIX
  INT04                 0000ff98   00000002  00000000  00000002  RWIX
  INT05                 0000ff9a   00000002  00000000  00000002  RWIX
  INT06                 0000ff9c   00000002  00000000  00000002  RWIX
  INT07                 0000ff9e   00000002  00000000  00000002  RWIX
  INT08                 0000ffa0   00000002  00000000  00000002  RWIX
  INT09                 0000ffa2   00000002  00000000  00000002  RWIX
  INT10                 0000ffa4   00000002  00000000  00000002  RWIX
  INT11                 0000ffa6   00000002  00000000  00000002  RWIX
  INT12                 0000ffa8   00000002  00000000  00000002  RWIX
  INT13                 0000ffaa   00000002  00000000  00000002  RWIX
  INT14                 0000ffac   00000002  00000000  00000002  RWIX
  INT15                 0000ffae   00000002  00000000  00000002  RWIX
  INT16                 0000ffb0   00000002  00000000  00000002  RWIX
  INT17                 0000ffb2   00000002  00000000  00000002  RWIX
  INT18                 0000ffb4   00000002  00000000  00000002  RWIX
  INT19                 0000ffb6   00000002  00000000  00000002  RWIX
  INT20                 0000ffb8   00000002  00000000  00000002  RWIX
  INT21                 0000ffba   00000002  00000000  00000002  RWIX
  INT22                 0000ffbc   00000002  00000000  00000002  RWIX
  INT23                 0000ffbe   00000002  00000000  00000002  RWIX
  INT24                 0000ffc0   00000002  00000000  00000002  RWIX
  INT25                 0000ffc2   00000002  00000000  00000002  RWIX
  INT26                 0000ffc4   00000002  00000000  00000002  RWIX
  INT27                 0000ffc6   00000002  00000000  00000002  RWIX
  INT28                 0000ffc8   00000002  00000000  00000002  RWIX
  INT29                 0000ffca   00000002  00000000  00000002  RWIX
  INT30                 0000ffcc   00000002  00000000  00000002  RWIX
  INT31                 0000ffce   00000002  00000002  00000000  RWIX
  INT32                 0000ffd0   00000002  00000002  00000000  RWIX
  INT33                 0000ffd2   00000002  00000002  00000000  RWIX
  INT34                 0000ffd4   00000002  00000002  00000000  RWIX
  INT35                 0000ffd6   00000002  00000002  00000000  RWIX
  INT36                 0000ffd8   00000002  00000002  00000000  RWIX
  INT37                 0000ffda   00000002  00000002  00000000  RWIX
  INT38                 0000ffdc   00000002  00000002  00000000  RWIX
  INT39                 0000ffde   00000002  00000002  00000000  RWIX
  INT40                 0000ffe0   00000002  00000002  00000000  RWIX
  INT41                 0000ffe2   00000002  00000002  00000000  RWIX
  INT42                 0000ffe4   00000002  00000002  00000000  RWIX
  INT43                 0000ffe6   00000002  00000002  00000000  RWIX
  INT44                 0000ffe8   00000002  00000002  00000000  RWIX
  INT45                 0000ffea   00000002  00000002  00000000  RWIX
  INT46                 0000ffec   00000002  00000002  00000000  RWIX
  INT47                 0000ffee   00000002  00000002  00000000  RWIX
  INT48                 0000fff0   00000002  00000002  00000000  RWIX
  INT49                 0000fff2   00000002  00000002  00000000  RWIX
  INT50                 0000fff4   00000002  00000002  00000000  RWIX
  INT51                 0000fff6   00000002  00000002  00000000  RWIX
  INT52                 0000fff8   00000002  00000002  00000000  RWIX
  INT53                 0000fffa   00000002  00000002  00000000  RWIX
  INT54                 0000fffc   00000002  00000002  00000000  RWIX
  RESET                 0000fffe   00000002  00000002  00000000  RWIX


SECTION ALLOCATION MAP

 output                                  attributes/
section   page    origin      length       input sections
--------  ----  ----------  ----------   ----------------
.data      0    00001c00    00000018     UNINITIALIZED
                  00001c00    0000000c     ANN_implementation.obj (.data:resultadoIntermedio1)
                  00001c0c    00000008     main.obj (.data)
                  00001c14    00000004     ANN_implementation.obj (.data:tensionReferenciaN)

.stack     0    00001fc0    00000040     UNINITIALIZED
                  00001fc0    00000004     boot.ae430X : boot.oe430X (.stack)
                  00001fc4    0000003c     --HOLE--

.TI.persistent 
*          0    0000c200    00000000     UNINITIALIZED

.cio       0    0000c200    00000000     UNINITIALIZED

.sysmem    0    0000c200    00000000     UNINITIALIZED

.cinit     0    0000c200    0000001e     
                  0000c200    0000000d     (.cinit..data.load) [load image, compression = rle]
                  0000c20d    00000001     --HOLE-- [fill = 0]
                  0000c20e    00000008     (__TI_handler_table)
                  0000c216    00000008     (__TI_cinit_table)

.pinit     0    0000c21e    00000000     UNINITIALIZED

.init_array 
*          0    0000c21e    00000000     UNINITIALIZED

.mspabi.exidx 
*          0    0000c21e    00000000     UNINITIALIZED

.mspabi.extab 
*          0    0000c21e    00000000     UNINITIALIZED

.const     0    0000c21e    00000076     
                  0000c21e    0000001c     grace.lib : gpio.obj (.const:GPIO_PORT_TO_BASE)
                  0000c23a    00000018     ANN_implementation.obj (.const:b1Iw11)
                  0000c252    0000000e     grace.lib : Timer0_A3_init.obj (.const)
                  0000c260    0000000c     averaged_adc.obj (.const)
                  0000c26c    0000000c     ANN_implementation.obj (.const:b2Lw21)
                  0000c278    0000000c     grace.lib : EUSCI_B0_init.obj (.const)
                  0000c284    0000000c     mppt_ctrl.obj (.const)
                  0000c290    00000004     TMP112_I2C_temperature_sensor.obj (.const)

.text      0    0000c400    00002b06     
                  0000c400    0000064e     ANN_implementation.obj (.text:CalTanh)
                  0000ca4e    000002e4     rts430x_lc_rd_eabi.lib : frcmpyd.obj (.text:__TI_frcmpyd)
                  0000cd32    000002d8                            : addd.obj (.text:__mspabi_addd)
                  0000d00a    00000282                            : mpyd.obj (.text:__mspabi_mpyd)
                  0000d28c    00000252                            : frcaddd.obj (.text:__TI_frcaddd)
                  0000d4de    00000182     ANN_implementation.obj (.text:calculoANN2Layer)
                  0000d660    00000130     rts430x_lc_rd_eabi.lib : fs_add.obj (.text)
                  0000d790    000000f6     grace.lib : EUSCI_B0_init.obj (.text:EUSCI_B0_graceInit)
                  0000d886    000000ec     dactest.obj (.text:setDACValue)
                  0000d972    000000d8     rts430x_lc_rd_eabi.lib : cmpd.obj (.text:__mspabi_cmpd)
                  0000da4a    000000b6                            : fs_mpy.obj (.text)
                  0000db00    000000b2                            : renormd.obj (.text:__TI_renormd)
                  0000dbb2    000000b0     mppt_ctrl.obj (.text:buckConverterCtrlWindow)
                  0000dc62    0000009e     light_sensor_MAX44009.obj (.text:calculateLight)
                  0000dd00    00000094     TMP112_I2C_temperature_sensor.obj (.text:measureTMP112)
                  0000dd94    00000090     light_sensor_MAX44009.obj (.text:measureLight)
                  0000de24    0000008e     rts430x_lc_rd_eabi.lib : fs_div.obj (.text)
                  0000deb2    0000008c                            : cvtdf.obj (.text:__mspabi_cvtdf)
                  0000df3e    00000088     averaged_adc.obj (.text:voltagesCalculation)
                  0000dfc6    00000080     grace.lib : PinMux_init.obj (.text:PinMux_graceInit)
                  0000e046    0000007c               : ADC10_B_init.obj (.text:ADC10_B_graceInit)
                  0000e0c2    0000007c               : timer_a.obj (.text:Timer_A_initUpMode)
                  0000e13e    00000076     rts430x_lc_rd_eabi.lib : fltuld.obj (.text:__mspabi_fltuld)
                  0000e1b4    00000070     boot.ae430X : autoinit_wdt.oe430X (.text:_auto_init_hold_wdt)
                  0000e224    00000068     rts430x_lc_rd_eabi.lib : copy_decompress_rle.obj (.text:__TI_decompress_rle_core)
                  0000e28c    00000068                            : fixdul.obj (.text:__mspabi_fixdul)
                  0000e2f4    00000066     grace.lib : cs.obj (.text:CS_initClockSignal)
                  0000e35a    00000064     rts430x_lc_rd_eabi.lib : cvtfd.obj (.text:__mspabi_cvtfd)
                  0000e3be    00000060     grace.lib : eusci_b_i2c.obj (.text:EUSCI_B_I2C_initMaster)
                  0000e41e    00000060     averaged_adc.obj (.text:voltageReferenceSelector)
                  0000e47e    0000005c     grace.lib : eusci_b_i2c.obj (.text:EUSCI_B_I2C_masterSendSingleByte)
                  0000e4da    00000058     averaged_adc.obj (.text:measureVoltages)
                  0000e532    00000058     rts430x_lc_rd_eabi.lib : div32u.obj (.text)
                  0000e58a    00000052     mppt_ctrl.obj (.text:mpptWindowComparatorCtrl)
                  0000e5dc    00000052     ANN_implementation.obj (.text:normalizedInput)
                  0000e62e    00000050     adc_proxy.obj (.text:adquisitionVoltages)
                  0000e67e    00000050     TMP112_I2C_temperature_sensor.obj (.text:calculateTMP112)
                  0000e6ce    0000004e     grace.lib : Timer0_A3_init.obj (.text:Timer0_A3_graceInit)
                  0000e71c    0000004c               : adc10_b.obj (.text:ADC10_B_init)
                  0000e768    0000004a     rts430x_lc_rd_eabi.lib : fs_cmp.obj (.text)
                  0000e7b2    00000046     ANN_implementation.obj (.text:VoltrageReferenceDenormalized)
                  0000e7f8    00000046     rts430x_lc_rd_eabi.lib : fs_tou.obj (.text)
                  0000e83e    00000046     averaged_adc.obj (.text:voltageAdquisitionMeasure)
                  0000e884    00000040     grace.lib : eusci_b_i2c.obj (.text:EUSCI_B_I2C_masterSendMultiByteStart)
                  0000e8c4    00000040     sensor_proxy.obj (.text:measureSensors)
                  0000e904    0000003e     rts430x_lc_rd_eabi.lib : asr32.obj (.text:l_asr_const)
                  0000e942    0000003e                            : lsl32.obj (.text:l_lsl_const)
                  0000e980    0000003e                            : lsr32.obj (.text:l_lsr_const)
                  0000e9be    0000003a     averaged_adc.obj (.text:binaryVoltageToDecimalVoltage)
                  0000e9f8    00000038     grace.lib : CS_init.obj (.text:CS_graceInit)
                  0000ea30    00000032     rts430x_lc_rd_eabi.lib : subd.obj (.text:__mspabi_subd)
                  0000ea62    0000002e     grace.lib : cs.obj (.text:CS_clearAllOscFlagsWithTimeout)
                  0000ea90    0000002e               : Grace_init.obj (.text:Grace_init)
                  0000eabe    0000002e     ANN_implementation.obj (.text:clearArraysANN2Layer)
                  0000eaec    0000002c     mppt_ctrl.obj (.text:superCapConnectionCtrl)
                  0000eb18    00000028     grace.lib : adc10_b.obj (.text:ADC10_B_disableConversions)
                  0000eb40    00000026     boot.ae430X : boot_special.oe430X (.text:_isr:_c_int00_noargs_noexit)
                  0000eb66    00000026     ann_proxy.obj (.text:calculateVref)
                  0000eb8c    00000024     grace.lib : eusci_b_i2c.obj (.text:EUSCI_B_I2C_masterReceiveMultiByteFinish)
                  0000ebb0    00000024     rts430x_lc_rd_eabi.lib : fs_utof.obj (.text)
                  0000ebd4    00000022     grace.lib : eusci_b_i2c.obj (.text:EUSCI_B_I2C_masterReceiveSingleByte)
                  0000ebf6    00000022               : InterruptVectors_init.obj (.text:_isr:TIMER0_A1_ISR_HOOK)
                  0000ec18    00000022     rts430x_lc_rd_eabi.lib : mult32_f5hw.obj (.text)
                  0000ec3a    00000020     grace.lib : wdt_a.obj (.text:WDT_A_hold)
                  0000ec5a    0000001c               : gpio.obj (.text:GPIO_setOutputHighOnPin)
                  0000ec76    0000001c               : gpio.obj (.text:GPIO_setOutputLowOnPin)
                  0000ec92    0000001c               : REF_init.obj (.text:REF_graceInit)
                  0000ecae    0000001a               : adc10_b.obj (.text:ADC10_B_setupSamplingTimer)
                  0000ecc8    00000018               : adc10_b.obj (.text:ADC10_B_startConversion)
                  0000ece0    00000016               : adc10_b.obj (.text:ADC10_B_setSampleHoldSignalInversion)
                  0000ecf6    00000016     light_sensor_MAX44009.obj (.text:twoPower)
                  0000ed0c    00000014     grace.lib : adc10_b.obj (.text:ADC10_B_setDataReadBackFormat)
                  0000ed20    00000014               : adc10_b.obj (.text:ADC10_B_setReferenceBufferSamplingRate)
                  0000ed34    00000014     rts430x_lc_rd_eabi.lib : memcpy.obj (.text:memcpy)
                  0000ed48    00000012     grace.lib : cs.obj (.text:CS_setDCOFreq)
                  0000ed5a    00000012     rts430x_lc_rd_eabi.lib : fixdu.obj (.text:__mspabi_fixdu)
                  0000ed6c    00000012                            : copy_decompress_none.obj (.text:decompress:none:__TI_decompress_none)
                  0000ed7e    00000010                            : asr32.obj (.text:l_asr)
                  0000ed8e    00000010                            : lsl32.obj (.text:l_lsl)
                  0000ed9e    00000010                            : lsr32.obj (.text:l_lsr)
                  0000edae    0000000e     grace.lib : adc10_b.obj (.text:ADC10_B_configureMemory)
                  0000edbc    0000000e               : adc10_b.obj (.text:ADC10_B_disableInterrupt)
                  0000edca    0000000e               : eusci_b_i2c.obj (.text:EUSCI_B_I2C_setMode)
                  0000edd8    0000000e     TMP112_I2C_temperature_sensor.obj (.text:signedByteCheker)
                  0000ede6    0000000c     grace.lib : eusci_b_i2c.obj (.text:EUSCI_B_I2C_disableInterrupt)
                  0000edf2    0000000c               : eusci_b_i2c.obj (.text:EUSCI_B_I2C_isBusBusy)
                  0000edfe    0000000c               : eusci_b_i2c.obj (.text:EUSCI_B_I2C_masterReceiveStart)
                  0000ee0a    0000000c               : eusci_b_i2c.obj (.text:EUSCI_B_I2C_setSlaveAddress)
                  0000ee16    0000000c               : ref.obj (.text:Ref_setReferenceVoltage)
                  0000ee22    0000000c     main.obj (.text:main)
                  0000ee2e    0000000a     main_pe430X.oe430X (.text:.bootCodeSection:ti_catalog_msp430_init_Boot_init)
                  0000ee38    0000000a     grace.lib : adc10_b.obj (.text:ADC10_B_disableReferenceBurst)
                  0000ee42    0000000a               : adc10_b.obj (.text:ADC10_B_enableReferenceBurst)
                  0000ee4c    0000000a               : eusci_b_i2c.obj (.text:EUSCI_B_I2C_masterReceiveMultiByteNext)
                  0000ee56    0000000a               : WDT_A_init.obj (.text:WDT_A_graceInit)
                  0000ee60    0000000a     mppt_ctrl.obj (.text:buckStop)
                  0000ee6a    0000000a     rts430x_lc_rd_eabi.lib : fs_neg.obj (.text)
                  0000ee74    00000008     ti.catalog.msp430.init.ae430X : Boot.oe430X (.text:.bootCodeSection:ti_catalog_msp430_init_Boot_disableWatchdog)
                  0000ee7c    00000008     grace.lib : adc10_b.obj (.text:ADC10_B_disable)
                  0000ee84    00000008               : adc10_b.obj (.text:ADC10_B_enable)
                  0000ee8c    00000008               : adc10_b.obj (.text:ADC10_B_getResults)
                  0000ee94    00000008               : adc10_b.obj (.text:ADC10_B_isBusy)
                  0000ee9c    00000008               : eusci_b_i2c.obj (.text:EUSCI_B_I2C_masterIsStartSent)
                  0000eea4    00000008               : eusci_b_i2c.obj (.text:EUSCI_B_I2C_masterIsStopSent)
                  0000eeac    00000008               : System_init.obj (.text:System_graceInit)
                  0000eeb4    00000006               : eusci_b_i2c.obj (.text:EUSCI_B_I2C_disable)
                  0000eeba    00000006               : eusci_b_i2c.obj (.text:EUSCI_B_I2C_enable)
                  0000eec0    00000006               : eusci_b_i2c.obj (.text:EUSCI_B_I2C_masterReceiveMultiByteStop)
                  0000eec6    00000006               : ref.obj (.text:Ref_disableReferenceVoltage)
                  0000eecc    00000006               : ref.obj (.text:Ref_disableTempSensor)
                  0000eed2    00000006               : ref.obj (.text:Ref_enableReferenceVoltage)
                  0000eed8    00000006               : timer_a.obj (.text:Timer_A_clearTimerInterrupt)
                  0000eede    00000006               : timer_a.obj (.text:Timer_A_startCounter)
                  0000eee4    00000006     rts430x_lc_rd_eabi.lib : fltud.obj (.text:__mspabi_fltud)
                  0000eeea    00000006                            : isr_trap.obj (.text:_isr:__TI_ISR_TRAP)
                  0000eef0    00000006                            : copy_decompress_rle.obj (.text:decompress:rle24:__TI_decompress_rle24)
                  0000eef6    00000004     boot.ae430X : pre_init.oe430X (.text:_system_pre_init)
                  0000eefa    00000004     rts430x_lc_rd_eabi.lib : exit.obj (.text:abort)
                  0000eefe    00000002     grace.lib : InterruptVectors_init.obj (.text:InterruptVectors_graceInit)
                  0000ef00    00000002               : InterruptVectors_init.obj (.text:_isr:SYSNMI_ISR_HOOK)
                  0000ef02    00000002               : InterruptVectors_init.obj (.text:_isr:TIMER0_A0_ISR_HOOK)
                  0000ef04    00000002               : InterruptVectors_init.obj (.text:_isr:UNMI_ISR_HOOK)

$fill000   0    0000ff80    00000004     
                  0000ff80    00000004     --HOLE-- [fill = ffff]

$fill001   0    0000ff84    00000004     
                  0000ff84    00000004     --HOLE-- [fill = ffff]

$fill002   0    0000ff88    00000008     
                  0000ff88    00000008     --HOLE-- [fill = ffff]

RTC        0    0000ffce    00000002     
                  0000ffce    00000002     rts430x_lc_rd_eabi.lib : int31.obj (.int31)

PORT4      0    0000ffd0    00000002     
                  0000ffd0    00000002     rts430x_lc_rd_eabi.lib : int32.obj (.int32)

PORT3      0    0000ffd2    00000002     
                  0000ffd2    00000002     rts430x_lc_rd_eabi.lib : int33.obj (.int33)

TIMER2_B1 
*          0    0000ffd4    00000002     
                  0000ffd4    00000002     rts430x_lc_rd_eabi.lib : int34.obj (.int34)

TIMER2_B0 
*          0    0000ffd6    00000002     
                  0000ffd6    00000002     rts430x_lc_rd_eabi.lib : int35.obj (.int35)

PORT2      0    0000ffd8    00000002     
                  0000ffd8    00000002     rts430x_lc_rd_eabi.lib : int36.obj (.int36)

TIMER1_B1 
*          0    0000ffda    00000002     
                  0000ffda    00000002     rts430x_lc_rd_eabi.lib : int37.obj (.int37)

TIMER1_B0 
*          0    0000ffdc    00000002     
                  0000ffdc    00000002     rts430x_lc_rd_eabi.lib : int38.obj (.int38)

PORT1      0    0000ffde    00000002     
                  0000ffde    00000002     rts430x_lc_rd_eabi.lib : int39.obj (.int39)

TIMER1_A1 
*          0    0000ffe0    00000002     
                  0000ffe0    00000002     rts430x_lc_rd_eabi.lib : int40.obj (.int40)

TIMER1_A0 
*          0    0000ffe2    00000002     
                  0000ffe2    00000002     rts430x_lc_rd_eabi.lib : int41.obj (.int41)

DMA        0    0000ffe4    00000002     
                  0000ffe4    00000002     rts430x_lc_rd_eabi.lib : int42.obj (.int42)

USCI_A1    0    0000ffe6    00000002     
                  0000ffe6    00000002     rts430x_lc_rd_eabi.lib : int43.obj (.int43)

TIMER0_A1 
*          0    0000ffe8    00000002     
                  0000ffe8    00000002     grace.lib : InterruptVectors_init.obj (.int44)

TIMER0_A0 
*          0    0000ffea    00000002     
                  0000ffea    00000002     grace.lib : InterruptVectors_init.obj (.int45)

ADC10      0    0000ffec    00000002     
                  0000ffec    00000002     rts430x_lc_rd_eabi.lib : int46.obj (.int46)

USCI_B0    0    0000ffee    00000002     
                  0000ffee    00000002     rts430x_lc_rd_eabi.lib : int47.obj (.int47)

USCI_A0    0    0000fff0    00000002     
                  0000fff0    00000002     rts430x_lc_rd_eabi.lib : int48.obj (.int48)

WDT        0    0000fff2    00000002     
                  0000fff2    00000002     rts430x_lc_rd_eabi.lib : int49.obj (.int49)

TIMER0_B1 
*          0    0000fff4    00000002     
                  0000fff4    00000002     rts430x_lc_rd_eabi.lib : int50.obj (.int50)

TIMER0_B0 
*          0    0000fff6    00000002     
                  0000fff6    00000002     rts430x_lc_rd_eabi.lib : int51.obj (.int51)

COMP_D     0    0000fff8    00000002     
                  0000fff8    00000002     rts430x_lc_rd_eabi.lib : int52.obj (.int52)

UNMI       0    0000fffa    00000002     
                  0000fffa    00000002     grace.lib : InterruptVectors_init.obj (.int53)

SYSNMI     0    0000fffc    00000002     
                  0000fffc    00000002     grace.lib : InterruptVectors_init.obj (.int54)

.reset     0    0000fffe    00000002     
                  0000fffe    00000002     boot.ae430X : boot.oe430X (.reset)

xdc.meta   0    00000000    000000f4     COPY SECTION
                  00000000    000000f4     main_pe430X.oe430X (xdc.meta)


LINKER GENERATED COPY TABLES

__TI_cinit_table @ 0000c216 records: 1, size/record: 8, table size: 8
	.data: load addr=0000c200, load size=0000000d bytes, run addr=00001c00, run size=00000018 bytes, compression=rle


LINKER GENERATED HANDLER TABLE

__TI_handler_table @ 0000c20e records: 2, size/record: 4, table size: 8
	index: 0, handler: __TI_decompress_rle24
	index: 1, handler: __TI_decompress_none


GLOBAL SYMBOLS: SORTED ALPHABETICALLY BY Name 

address   name                                       
-------   ----                                       
00000700  ADC10CTL0                                  
00000701  ADC10CTL0_H                                
00000700  ADC10CTL0_L                                
00000702  ADC10CTL1                                  
00000703  ADC10CTL1_H                                
00000702  ADC10CTL1_L                                
00000704  ADC10CTL2                                  
00000705  ADC10CTL2_H                                
00000704  ADC10CTL2_L                                
00000708  ADC10HI                                    
00000709  ADC10HI_H                                  
00000708  ADC10HI_L                                  
0000071a  ADC10IE                                    
0000071b  ADC10IE_H                                  
0000071a  ADC10IE_L                                  
0000071c  ADC10IFG                                   
0000071d  ADC10IFG_H                                 
0000071c  ADC10IFG_L                                 
0000071e  ADC10IV                                    
0000071f  ADC10IV_H                                  
0000071e  ADC10IV_L                                  
00000706  ADC10LO                                    
00000707  ADC10LO_H                                  
00000706  ADC10LO_L                                  
0000070a  ADC10MCTL0                                 
0000070b  ADC10MCTL0_H                               
0000070a  ADC10MCTL0_L                               
00000712  ADC10MEM0                                  
00000713  ADC10MEM0_H                                
00000712  ADC10MEM0_L                                
0000edae  ADC10_B_configureMemory                    
0000ee7c  ADC10_B_disable                            
0000eb18  ADC10_B_disableConversions                 
0000edbc  ADC10_B_disableInterrupt                   
0000ee38  ADC10_B_disableReferenceBurst              
0000ee84  ADC10_B_enable                             
0000ee42  ADC10_B_enableReferenceBurst               
0000ee8c  ADC10_B_getResults                         
0000e046  ADC10_B_graceInit                          
0000e71c  ADC10_B_init                               
0000ee94  ADC10_B_isBusy                             
0000ed0c  ADC10_B_setDataReadBackFormat              
0000ed20  ADC10_B_setReferenceBufferSamplingRate     
0000ece0  ADC10_B_setSampleHoldSignalInversion       
0000ecae  ADC10_B_setupSamplingTimer                 
0000ecc8  ADC10_B_startConversion                    
0000c260  ATTENUATION_PV_VOLTAGE                     
0000c264  ATTENUATION_SC_VOLTAGE                     
0000c268  ATTENUATION_SUPPLY_VOLTAGE                 
000004be  BCD2BIN                                    
000004bc  BIN2BCD                                    
0000eefa  C$$EXIT                                    
000008c0  CDCTL0                                     
000008c1  CDCTL0_H                                   
000008c0  CDCTL0_L                                   
000008c2  CDCTL1                                     
000008c3  CDCTL1_H                                   
000008c2  CDCTL1_L                                   
000008c4  CDCTL2                                     
000008c5  CDCTL2_H                                   
000008c4  CDCTL2_L                                   
000008c6  CDCTL3                                     
000008c7  CDCTL3_H                                   
000008c6  CDCTL3_L                                   
000008cc  CDINT                                      
000008cd  CDINT_H                                    
000008cc  CDINT_L                                    
000008ce  CDIV                                       
000008cf  CDIV_H                                     
000008ce  CDIV_L                                     
00000150  CRCDI                                      
00000152  CRCDIRB                                    
00000153  CRCDIRB_H                                  
00000152  CRCDIRB_L                                  
00000151  CRCDI_H                                    
00000150  CRCDI_L                                    
00000154  CRCINIRES                                  
00000155  CRCINIRES_H                                
00000154  CRCINIRES_L                                
00000156  CRCRESR                                    
00000157  CRCRESR_H                                  
00000156  CRCRESR_L                                  
00000160  CSCTL0                                     
00000161  CSCTL0_H                                   
00000160  CSCTL0_L                                   
00000162  CSCTL1                                     
00000163  CSCTL1_H                                   
00000162  CSCTL1_L                                   
00000164  CSCTL2                                     
00000165  CSCTL2_H                                   
00000164  CSCTL2_L                                   
00000166  CSCTL3                                     
00000167  CSCTL3_H                                   
00000166  CSCTL3_L                                   
00000168  CSCTL4                                     
00000169  CSCTL4_H                                   
00000168  CSCTL4_L                                   
0000016a  CSCTL5                                     
0000016b  CSCTL5_H                                   
0000016a  CSCTL5_L                                   
0000016c  CSCTL6                                     
0000016d  CSCTL6_H                                   
0000016c  CSCTL6_L                                   
0000ea62  CS_clearAllOscFlagsWithTimeout             
0000e9f8  CS_graceInit                               
0000e2f4  CS_initClockSignal                         
0000ed48  CS_setDCOFreq                              
0000c290  DEGREES_PER_LSB                            
00000510  DMA0CTL                                    
00000511  DMA0CTL_H                                  
00000510  DMA0CTL_L                                  
00000516  DMA0DA                                     
00000518  DMA0DAH                                    
00000516  DMA0DAL                                    
00000512  DMA0SA                                     
00000514  DMA0SAH                                    
00000512  DMA0SAL                                    
0000051a  DMA0SZ                                     
00000520  DMA1CTL                                    
00000521  DMA1CTL_H                                  
00000520  DMA1CTL_L                                  
00000526  DMA1DA                                     
00000528  DMA1DAH                                    
00000526  DMA1DAL                                    
00000522  DMA1SA                                     
00000524  DMA1SAH                                    
00000522  DMA1SAL                                    
0000052a  DMA1SZ                                     
00000530  DMA2CTL                                    
00000531  DMA2CTL_H                                  
00000530  DMA2CTL_L                                  
00000536  DMA2DA                                     
00000538  DMA2DAH                                    
00000536  DMA2DAL                                    
00000532  DMA2SA                                     
00000534  DMA2SAH                                    
00000532  DMA2SAL                                    
0000053a  DMA2SZ                                     
00000500  DMACTL0                                    
00000501  DMACTL0_H                                  
00000500  DMACTL0_L                                  
00000502  DMACTL1                                    
00000503  DMACTL1_H                                  
00000502  DMACTL1_L                                  
00000504  DMACTL2                                    
00000505  DMACTL2_H                                  
00000504  DMACTL2_L                                  
00000506  DMACTL3                                    
00000507  DMACTL3_H                                  
00000506  DMACTL3_L                                  
00000508  DMACTL4                                    
00000509  DMACTL4_H                                  
00000508  DMACTL4_L                                  
0000050e  DMAIV                                      
0000050f  DMAIV_H                                    
0000050e  DMAIV_L                                    
0000d790  EUSCI_B0_graceInit                         
0000eeb4  EUSCI_B_I2C_disable                        
0000ede6  EUSCI_B_I2C_disableInterrupt               
0000eeba  EUSCI_B_I2C_enable                         
0000e3be  EUSCI_B_I2C_initMaster                     
0000edf2  EUSCI_B_I2C_isBusBusy                      
0000ee9c  EUSCI_B_I2C_masterIsStartSent              
0000eea4  EUSCI_B_I2C_masterIsStopSent               
0000eb8c  EUSCI_B_I2C_masterReceiveMultiByteFinish   
0000ee4c  EUSCI_B_I2C_masterReceiveMultiByteNext     
0000eec0  EUSCI_B_I2C_masterReceiveMultiByteStop     
0000ebd4  EUSCI_B_I2C_masterReceiveSingleByte        
0000edfe  EUSCI_B_I2C_masterReceiveStart             
0000e884  EUSCI_B_I2C_masterSendMultiByteStart       
0000e47e  EUSCI_B_I2C_masterSendSingleByte           
0000edca  EUSCI_B_I2C_setMode                        
0000ee0a  EUSCI_B_I2C_setSlaveAddress                
00000140  FRCTL0                                     
00000141  FRCTL0_H                                   
00000140  FRCTL0_L                                   
00000144  GCCTL0                                     
00000145  GCCTL0_H                                   
00000144  GCCTL0_L                                   
00000146  GCCTL1                                     
00000147  GCCTL1_H                                   
00000146  GCCTL1_L                                   
0000ec5a  GPIO_setOutputHighOnPin                    
0000ec76  GPIO_setOutputLowOnPin                     
0000ea90  Grace_init                                 
0000eefe  InterruptVectors_graceInit                 
000004c4  MAC                                        
000004da  MAC32H                                     
000004db  MAC32H_H                                   
000004da  MAC32H_L                                   
000004d8  MAC32L                                     
000004d9  MAC32L_H                                   
000004d8  MAC32L_L                                   
000004c6  MACS                                       
000004de  MACS32H                                    
000004df  MACS32H_H                                  
000004de  MACS32H_L                                  
000004dc  MACS32L                                    
000004dd  MACS32L_H                                  
000004dc  MACS32L_L                                  
000004c7  MACS_H                                     
000004c6  MACS_L                                     
000004c5  MAC_H                                      
000004c4  MAC_L                                      
000005a0  MPUCTL0                                    
000005a1  MPUCTL0_H                                  
000005a0  MPUCTL0_L                                  
000005a2  MPUCTL1                                    
000005a3  MPUCTL1_H                                  
000005a2  MPUCTL1_L                                  
000005a6  MPUSAM                                     
000005a7  MPUSAM_H                                   
000005a6  MPUSAM_L                                   
000005a4  MPUSEG                                     
000005a5  MPUSEG_H                                   
000005a4  MPUSEG_L                                   
000004c0  MPY                                        
000004ec  MPY32CTL0                                  
000004ed  MPY32CTL0_H                                
000004ec  MPY32CTL0_L                                
000004d2  MPY32H                                     
000004d3  MPY32H_H                                   
000004d2  MPY32H_L                                   
000004d0  MPY32L                                     
000004d1  MPY32L_H                                   
000004d0  MPY32L_L                                   
000004c2  MPYS                                       
000004d6  MPYS32H                                    
000004d7  MPYS32H_H                                  
000004d6  MPYS32H_L                                  
000004d4  MPYS32L                                    
000004d5  MPYS32L_H                                  
000004d4  MPYS32L_L                                  
000004c3  MPYS_H                                     
000004c2  MPYS_L                                     
000004c1  MPY_H                                      
000004c0  MPY_L                                      
000004c8  OP2                                        
000004e2  OP2H                                       
000004e3  OP2H_H                                     
000004e2  OP2H_L                                     
000004e0  OP2L                                       
000004e1  OP2L_H                                     
000004e0  OP2L_L                                     
000004c9  OP2_H                                      
000004c8  OP2_L                                      
0000020e  P1IV                                       
0000021e  P2IV                                       
0000022e  P3IV                                       
0000023e  P4IV                                       
00000204  PADIR                                      
00000205  PADIR_H                                    
00000204  PADIR_L                                    
0000021a  PAIE                                       
00000218  PAIES                                      
00000219  PAIES_H                                    
00000218  PAIES_L                                    
0000021b  PAIE_H                                     
0000021a  PAIE_L                                     
0000021c  PAIFG                                      
0000021d  PAIFG_H                                    
0000021c  PAIFG_L                                    
00000200  PAIN                                       
00000201  PAIN_H                                     
00000200  PAIN_L                                     
00000202  PAOUT                                      
00000203  PAOUT_H                                    
00000202  PAOUT_L                                    
00000206  PAREN                                      
00000207  PAREN_H                                    
00000206  PAREN_L                                    
0000020a  PASEL0                                     
0000020b  PASEL0_H                                   
0000020a  PASEL0_L                                   
0000020c  PASEL1                                     
0000020d  PASEL1_H                                   
0000020c  PASEL1_L                                   
00000216  PASELC                                     
00000217  PASELC_H                                   
00000216  PASELC_L                                   
00000224  PBDIR                                      
00000225  PBDIR_H                                    
00000224  PBDIR_L                                    
0000023a  PBIE                                       
00000238  PBIES                                      
00000239  PBIES_H                                    
00000238  PBIES_L                                    
0000023b  PBIE_H                                     
0000023a  PBIE_L                                     
0000023c  PBIFG                                      
0000023d  PBIFG_H                                    
0000023c  PBIFG_L                                    
00000220  PBIN                                       
00000221  PBIN_H                                     
00000220  PBIN_L                                     
00000222  PBOUT                                      
00000223  PBOUT_H                                    
00000222  PBOUT_L                                    
00000226  PBREN                                      
00000227  PBREN_H                                    
00000226  PBREN_L                                    
0000022a  PBSEL0                                     
0000022b  PBSEL0_H                                   
0000022a  PBSEL0_L                                   
0000022c  PBSEL1                                     
0000022d  PBSEL1_H                                   
0000022c  PBSEL1_L                                   
00000236  PBSELC                                     
00000237  PBSELC_H                                   
00000236  PBSELC_L                                   
00000324  PJDIR                                      
00000325  PJDIR_H                                    
00000324  PJDIR_L                                    
00000320  PJIN                                       
00000321  PJIN_H                                     
00000320  PJIN_L                                     
00000322  PJOUT                                      
00000323  PJOUT_H                                    
00000322  PJOUT_L                                    
00000326  PJREN                                      
00000327  PJREN_H                                    
00000326  PJREN_L                                    
0000032a  PJSEL0                                     
0000032b  PJSEL0_H                                   
0000032a  PJSEL0_L                                   
0000032c  PJSEL1                                     
0000032d  PJSEL1_H                                   
0000032c  PJSEL1_L                                   
00000336  PJSELC                                     
00000337  PJSELC_H                                   
00000336  PJSELC_L                                   
00000130  PM5CTL0                                    
00000131  PM5CTL0_H                                  
00000130  PM5CTL0_L                                  
00000120  PMMCTL0                                    
00000121  PMMCTL0_H                                  
00000120  PMMCTL0_L                                  
0000012a  PMMIFG                                     
0000012b  PMMIFG_H                                   
0000012a  PMMIFG_L                                   
0000dfc6  PinMux_graceInit                           
000001b0  REFCTL0                                    
000001b1  REFCTL0_H                                  
000001b0  REFCTL0_L                                  
0000ec92  REF_graceInit                              
000004e4  RES0                                       
000004e5  RES0_H                                     
000004e4  RES0_L                                     
000004e6  RES1                                       
000004e7  RES1_H                                     
000004e6  RES1_L                                     
000004e8  RES2                                       
000004e9  RES2_H                                     
000004e8  RES2_L                                     
000004ea  RES3                                       
000004eb  RES3_H                                     
000004ea  RES3_L                                     
000004cc  RESHI                                      
000004cd  RESHI_H                                    
000004cc  RESHI_L                                    
000004ca  RESLO                                      
000004cb  RESLO_H                                    
000004ca  RESLO_L                                    
000004ba  RTCADOWDAY                                 
000004bb  RTCADOWDAY_H                               
000004ba  RTCADOWDAY_L                               
000004b8  RTCAMINHR                                  
000004b9  RTCAMINHR_H                                
000004b8  RTCAMINHR_L                                
000004a0  RTCCTL01                                   
000004a1  RTCCTL01_H                                 
000004a0  RTCCTL01_L                                 
000004a2  RTCCTL23                                   
000004a3  RTCCTL23_H                                 
000004a2  RTCCTL23_L                                 
000004b4  RTCDATE                                    
000004b5  RTCDATE_H                                  
000004b4  RTCDATE_L                                  
000004ae  RTCIV                                      
000004ac  RTCPS                                      
000004a8  RTCPS0CTL                                  
000004a9  RTCPS0CTL_H                                
000004a8  RTCPS0CTL_L                                
000004aa  RTCPS1CTL                                  
000004ab  RTCPS1CTL_H                                
000004aa  RTCPS1CTL_L                                
000004ad  RTCPS_H                                    
000004ac  RTCPS_L                                    
000004b0  RTCTIM0                                    
000004b1  RTCTIM0_H                                  
000004b0  RTCTIM0_L                                  
000004b2  RTCTIM1                                    
000004b3  RTCTIM1_H                                  
000004b2  RTCTIM1_L                                  
000004b6  RTCYEAR                                    
000004b7  RTCYEAR_H                                  
000004b6  RTCYEAR_L                                  
0000eec6  Ref_disableReferenceVoltage                
0000eecc  Ref_disableTempSensor                      
0000eed2  Ref_enableReferenceVoltage                 
0000ee16  Ref_setReferenceVoltage                    
0000c284  SC_VOLTAGE_LIMIT_2V1                       
0000c288  SC_VOLTAGE_LIMIT_2V5                       
0000c28c  SC_VOLTAGE_LIMIT_5V                        
00000100  SFRIE1                                     
00000101  SFRIE1_H                                   
00000100  SFRIE1_L                                   
00000102  SFRIFG1                                    
00000103  SFRIFG1_H                                  
00000102  SFRIFG1_L                                  
00000104  SFRRPCR                                    
00000105  SFRRPCR_H                                  
00000104  SFRRPCR_L                                  
000004ce  SUMEXT                                     
000004cf  SUMEXT_H                                   
000004ce  SUMEXT_L                                   
00000198  SYSBERRIV                                  
00000199  SYSBERRIV_H                                
00000198  SYSBERRIV_L                                
00000182  SYSBSLC                                    
00000183  SYSBSLC_H                                  
00000182  SYSBSLC_L                                  
00000180  SYSCTL                                     
00000181  SYSCTL_H                                   
00000180  SYSCTL_L                                   
00000186  SYSJMBC                                    
00000187  SYSJMBC_H                                  
00000186  SYSJMBC_L                                  
00000188  SYSJMBI0                                   
00000189  SYSJMBI0_H                                 
00000188  SYSJMBI0_L                                 
0000018a  SYSJMBI1                                   
0000018b  SYSJMBI1_H                                 
0000018a  SYSJMBI1_L                                 
0000018c  SYSJMBO0                                   
0000018d  SYSJMBO0_H                                 
0000018c  SYSJMBO0_L                                 
0000018e  SYSJMBO1                                   
0000018f  SYSJMBO1_H                                 
0000018e  SYSJMBO1_L                                 
0000ef00  SYSNMI_ISR_HOOK                            
0000019e  SYSRSTIV                                   
0000019f  SYSRSTIV_H                                 
0000019e  SYSRSTIV_L                                 
0000019c  SYSSNIV                                    
0000019d  SYSSNIV_H                                  
0000019c  SYSSNIV_L                                  
0000019a  SYSUNIV                                    
0000019b  SYSUNIV_H                                  
0000019a  SYSUNIV_L                                  
0000eeac  System_graceInit                           
00000352  TA0CCR0                                    
00000354  TA0CCR1                                    
00000356  TA0CCR2                                    
00000342  TA0CCTL0                                   
00000344  TA0CCTL1                                   
00000346  TA0CCTL2                                   
00000340  TA0CTL                                     
00000360  TA0EX0                                     
0000036e  TA0IV                                      
00000350  TA0R                                       
00000392  TA1CCR0                                    
00000394  TA1CCR1                                    
00000396  TA1CCR2                                    
00000382  TA1CCTL0                                   
00000384  TA1CCTL1                                   
00000386  TA1CCTL2                                   
00000380  TA1CTL                                     
000003a0  TA1EX0                                     
000003ae  TA1IV                                      
00000390  TA1R                                       
000003d2  TB0CCR0                                    
000003d4  TB0CCR1                                    
000003d6  TB0CCR2                                    
000003c2  TB0CCTL0                                   
000003c4  TB0CCTL1                                   
000003c6  TB0CCTL2                                   
000003c0  TB0CTL                                     
000003e0  TB0EX0                                     
000003ee  TB0IV                                      
000003d0  TB0R                                       
00000412  TB1CCR0                                    
00000414  TB1CCR1                                    
00000416  TB1CCR2                                    
00000402  TB1CCTL0                                   
00000404  TB1CCTL1                                   
00000406  TB1CCTL2                                   
00000400  TB1CTL                                     
00000420  TB1EX0                                     
0000042e  TB1IV                                      
00000410  TB1R                                       
00000452  TB2CCR0                                    
00000454  TB2CCR1                                    
00000456  TB2CCR2                                    
00000442  TB2CCTL0                                   
00000444  TB2CCTL1                                   
00000446  TB2CCTL2                                   
00000440  TB2CTL                                     
00000460  TB2EX0                                     
0000046e  TB2IV                                      
00000450  TB2R                                       
0000ef02  TIMER0_A0_ISR_HOOK                         
0000ebf6  TIMER0_A1_ISR_HOOK                         
0000e6ce  Timer0_A3_graceInit                        
0000eed8  Timer_A_clearTimerInterrupt                
0000e0c2  Timer_A_initUpMode                         
0000eede  Timer_A_startCounter                       
000005d0  UCA0ABCTL                                  
000005c6  UCA0BRW                                    
000005c7  UCA0BRW_H                                  
000005c6  UCA0BRW_L                                  
000005c0  UCA0CTLW0                                  
000005c1  UCA0CTLW0_H                                
000005c0  UCA0CTLW0_L                                
000005c2  UCA0CTLW1                                  
000005c3  UCA0CTLW1_H                                
000005c2  UCA0CTLW1_L                                
000005da  UCA0IE                                     
000005db  UCA0IE_H                                   
000005da  UCA0IE_L                                   
000005dc  UCA0IFG                                    
000005dd  UCA0IFG_H                                  
000005dc  UCA0IFG_L                                  
000005d2  UCA0IRCTL                                  
000005d3  UCA0IRCTL_H                                
000005d2  UCA0IRCTL_L                                
000005de  UCA0IV                                     
000005c8  UCA0MCTLW                                  
000005c9  UCA0MCTLW_H                                
000005c8  UCA0MCTLW_L                                
000005cc  UCA0RXBUF                                  
000005cd  UCA0RXBUF_H                                
000005cc  UCA0RXBUF_L                                
000005ca  UCA0STATW                                  
000005ce  UCA0TXBUF                                  
000005cf  UCA0TXBUF_H                                
000005ce  UCA0TXBUF_L                                
000005f0  UCA1ABCTL                                  
000005e6  UCA1BRW                                    
000005e7  UCA1BRW_H                                  
000005e6  UCA1BRW_L                                  
000005e0  UCA1CTLW0                                  
000005e1  UCA1CTLW0_H                                
000005e0  UCA1CTLW0_L                                
000005e2  UCA1CTLW1                                  
000005e3  UCA1CTLW1_H                                
000005e2  UCA1CTLW1_L                                
000005fa  UCA1IE                                     
000005fb  UCA1IE_H                                   
000005fa  UCA1IE_L                                   
000005fc  UCA1IFG                                    
000005fd  UCA1IFG_H                                  
000005fc  UCA1IFG_L                                  
000005f2  UCA1IRCTL                                  
000005f3  UCA1IRCTL_H                                
000005f2  UCA1IRCTL_L                                
000005fe  UCA1IV                                     
000005e8  UCA1MCTLW                                  
000005e9  UCA1MCTLW_H                                
000005e8  UCA1MCTLW_L                                
000005ec  UCA1RXBUF                                  
000005ed  UCA1RXBUF_H                                
000005ec  UCA1RXBUF_L                                
000005ea  UCA1STATW                                  
000005ee  UCA1TXBUF                                  
000005ef  UCA1TXBUF_H                                
000005ee  UCA1TXBUF_L                                
0000065e  UCB0ADDMASK                                
0000065f  UCB0ADDMASK_H                              
0000065e  UCB0ADDMASK_L                              
0000065c  UCB0ADDRX                                  
0000065d  UCB0ADDRX_H                                
0000065c  UCB0ADDRX_L                                
00000646  UCB0BRW                                    
00000647  UCB0BRW_H                                  
00000646  UCB0BRW_L                                  
00000640  UCB0CTLW0                                  
00000641  UCB0CTLW0_H                                
00000640  UCB0CTLW0_L                                
00000642  UCB0CTLW1                                  
00000643  UCB0CTLW1_H                                
00000642  UCB0CTLW1_L                                
00000654  UCB0I2COA0                                 
00000655  UCB0I2COA0_H                               
00000654  UCB0I2COA0_L                               
00000656  UCB0I2COA1                                 
00000657  UCB0I2COA1_H                               
00000656  UCB0I2COA1_L                               
00000658  UCB0I2COA2                                 
00000659  UCB0I2COA2_H                               
00000658  UCB0I2COA2_L                               
0000065a  UCB0I2COA3                                 
0000065b  UCB0I2COA3_H                               
0000065a  UCB0I2COA3_L                               
00000660  UCB0I2CSA                                  
00000661  UCB0I2CSA_H                                
00000660  UCB0I2CSA_L                                
0000066a  UCB0IE                                     
0000066b  UCB0IE_H                                   
0000066a  UCB0IE_L                                   
0000066c  UCB0IFG                                    
0000066d  UCB0IFG_H                                  
0000066c  UCB0IFG_L                                  
0000066e  UCB0IV                                     
0000064c  UCB0RXBUF                                  
0000064d  UCB0RXBUF_H                                
0000064c  UCB0RXBUF_L                                
00000648  UCB0STATW                                  
00000649  UCB0STATW_H                                
00000648  UCB0STATW_L                                
0000064a  UCB0TBCNT                                  
0000064b  UCB0TBCNT_H                                
0000064a  UCB0TBCNT_L                                
0000064e  UCB0TXBUF                                  
0000064f  UCB0TXBUF_H                                
0000064e  UCB0TXBUF_L                                
0000ef04  UNMI_ISR_HOOK                              
0000015c  WDTCTL                                     
0000015d  WDTCTL_H                                   
0000015c  WDTCTL_L                                   
0000ee56  WDT_A_graceInit                            
0000ec3a  WDT_A_hold                                 
00000000  __ASM__                                    
00000066  __ISA__                                    
0000007a  __PLAT__                                   
00002000  __STACK_END                                
00000040  __STACK_SIZE                               
0000009e  __TARG__                                   
0000c216  __TI_CINIT_Base                            
0000c21e  __TI_CINIT_Limit                           
0000c20e  __TI_Handler_Table_Base                    
0000c216  __TI_Handler_Table_Limit                   
UNDEFED   __TI_INITARRAY_Base                        
UNDEFED   __TI_INITARRAY_Limit                       
0000eeea  __TI_ISR_TRAP                              
0000ed6c  __TI_decompress_none                       
0000eef0  __TI_decompress_rle24                      
0000d28c  __TI_frcaddd                               
0000ca4e  __TI_frcmpyd                               
0000ffce  __TI_int31                                 
0000ffd0  __TI_int32                                 
0000ffd2  __TI_int33                                 
0000ffd4  __TI_int34                                 
0000ffd6  __TI_int35                                 
0000ffd8  __TI_int36                                 
0000ffda  __TI_int37                                 
0000ffdc  __TI_int38                                 
0000ffde  __TI_int39                                 
0000ffe0  __TI_int40                                 
0000ffe2  __TI_int41                                 
0000ffe4  __TI_int42                                 
0000ffe6  __TI_int43                                 
0000ffe8  __TI_int44                                 
0000ffea  __TI_int45                                 
0000ffec  __TI_int46                                 
0000ffee  __TI_int47                                 
0000fff0  __TI_int48                                 
0000fff2  __TI_int49                                 
0000fff4  __TI_int50                                 
0000fff6  __TI_int51                                 
0000fff8  __TI_int52                                 
0000fffa  __TI_int53                                 
0000fffc  __TI_int54                                 
0000db00  __TI_renormd                               
000000cc  __TRDR__                                   
ffffffff  __binit__                                  
ffffffff  __c_args__                                 
0000cd32  __mspabi_addd                              
0000d666  __mspabi_addf                              
0000d972  __mspabi_cmpd                              
0000e768  __mspabi_cmpf                              
0000deb2  __mspabi_cvtdf                             
0000e35a  __mspabi_cvtfd                             
0000de24  __mspabi_divf                              
0000e532  __mspabi_divul                             
0000ed5a  __mspabi_fixdu                             
0000e28c  __mspabi_fixdul                            
0000e7f8  __mspabi_fixfu                             
0000eee4  __mspabi_fltud                             
0000ebb0  __mspabi_fltuf                             
0000e13e  __mspabi_fltuld                            
0000d00a  __mspabi_mpyd                              
0000da4a  __mspabi_mpyf                              
0000ec18  __mspabi_mpyl_f5hw                         
0000ee6a  __mspabi_negf                              
0000e532  __mspabi_remul                             
0000ed8e  __mspabi_slll                              
0000e97a  __mspabi_slll_1                            
0000e956  __mspabi_slll_10                           
0000e952  __mspabi_slll_11                           
0000e94e  __mspabi_slll_12                           
0000e94a  __mspabi_slll_13                           
0000e946  __mspabi_slll_14                           
0000e942  __mspabi_slll_15                           
0000e976  __mspabi_slll_2                            
0000e972  __mspabi_slll_3                            
0000e96e  __mspabi_slll_4                            
0000e96a  __mspabi_slll_5                            
0000e966  __mspabi_slll_6                            
0000e962  __mspabi_slll_7                            
0000e95e  __mspabi_slll_8                            
0000e95a  __mspabi_slll_9                            
0000ed7e  __mspabi_sral                              
0000e93c  __mspabi_sral_1                            
0000e918  __mspabi_sral_10                           
0000e914  __mspabi_sral_11                           
0000e910  __mspabi_sral_12                           
0000e90c  __mspabi_sral_13                           
0000e908  __mspabi_sral_14                           
0000e904  __mspabi_sral_15                           
0000e938  __mspabi_sral_2                            
0000e934  __mspabi_sral_3                            
0000e930  __mspabi_sral_4                            
0000e92c  __mspabi_sral_5                            
0000e928  __mspabi_sral_6                            
0000e924  __mspabi_sral_7                            
0000e920  __mspabi_sral_8                            
0000e91c  __mspabi_sral_9                            
0000ed9e  __mspabi_srll                              
0000e9b8  __mspabi_srll_1                            
0000e994  __mspabi_srll_10                           
0000e990  __mspabi_srll_11                           
0000e98c  __mspabi_srll_12                           
0000e988  __mspabi_srll_13                           
0000e984  __mspabi_srll_14                           
0000e980  __mspabi_srll_15                           
0000e9b4  __mspabi_srll_2                            
0000e9b0  __mspabi_srll_3                            
0000e9ac  __mspabi_srll_4                            
0000e9a8  __mspabi_srll_5                            
0000e9a4  __mspabi_srll_6                            
0000e9a0  __mspabi_srll_7                            
0000e99c  __mspabi_srll_8                            
0000e998  __mspabi_srll_9                            
0000ea30  __mspabi_subd                              
0000d660  __mspabi_subf                              
0000e1b4  _auto_init_hold_wdt                        
0000eb40  _c_int00_noargs_noexit                     
0000fffe  _reset_vector                              
00001fc0  _stack                                     
0000eef6  _system_pre_init                           
0000eefa  abort                                      
0000e62e  adquisitionVoltages                        
ffffffff  binit                                      
0000dc62  calculateLight                             
0000e67e  calculateTMP112                            
0000eb66  calculateVref                              
0000d4de  calculoANN2Layer                           
00001c10  exponente                                  
0000c200  fram_ro_start                              
0000c200  fram_rw_start                              
0000c400  fram_rx_start                              
0000ee22  main                                       
00001c12  mantisa                                    
0000dd94  measureLight                               
0000e8c4  measureSensors                             
0000dd00  measureTMP112                              
0000e4da  measureVoltages                            
0000ed34  memcpy                                     
0000e58a  mpptWindowComparatorCtrl                   
0000e5dc  normalizedInput                            
00001c00  resultadoIntermedio1                       
0000d886  setDACValue                                
00001c0c  setPoint                                   
00001c14  tensionReferenciaN                         
0000ee74  ti_catalog_msp430_init_Boot_disableWatchdog
0000ee2e  ti_catalog_msp430_init_Boot_init           
0000e41e  voltageReferenceSelector                   
0000df3e  voltagesCalculation                        
00000000  xdc_runtime_Startup__EXECFXN__C            
00000001  xdc_runtime_Startup__RESETFXN__C           
00000000  xdc_runtime_Startup_exec__E                
0000ee2e  xdc_runtime_Startup_reset__I               


GLOBAL SYMBOLS: SORTED BY Symbol Address 

address   name                                       
-------   ----                                       
00000000  __ASM__                                    
00000000  xdc_runtime_Startup__EXECFXN__C            
00000000  xdc_runtime_Startup_exec__E                
00000001  xdc_runtime_Startup__RESETFXN__C           
00000040  __STACK_SIZE                               
00000066  __ISA__                                    
0000007a  __PLAT__                                   
0000009e  __TARG__                                   
000000cc  __TRDR__                                   
00000100  SFRIE1                                     
00000100  SFRIE1_L                                   
00000101  SFRIE1_H                                   
00000102  SFRIFG1                                    
00000102  SFRIFG1_L                                  
00000103  SFRIFG1_H                                  
00000104  SFRRPCR                                    
00000104  SFRRPCR_L                                  
00000105  SFRRPCR_H                                  
00000120  PMMCTL0                                    
00000120  PMMCTL0_L                                  
00000121  PMMCTL0_H                                  
0000012a  PMMIFG                                     
0000012a  PMMIFG_L                                   
0000012b  PMMIFG_H                                   
00000130  PM5CTL0                                    
00000130  PM5CTL0_L                                  
00000131  PM5CTL0_H                                  
00000140  FRCTL0                                     
00000140  FRCTL0_L                                   
00000141  FRCTL0_H                                   
00000144  GCCTL0                                     
00000144  GCCTL0_L                                   
00000145  GCCTL0_H                                   
00000146  GCCTL1                                     
00000146  GCCTL1_L                                   
00000147  GCCTL1_H                                   
00000150  CRCDI                                      
00000150  CRCDI_L                                    
00000151  CRCDI_H                                    
00000152  CRCDIRB                                    
00000152  CRCDIRB_L                                  
00000153  CRCDIRB_H                                  
00000154  CRCINIRES                                  
00000154  CRCINIRES_L                                
00000155  CRCINIRES_H                                
00000156  CRCRESR                                    
00000156  CRCRESR_L                                  
00000157  CRCRESR_H                                  
0000015c  WDTCTL                                     
0000015c  WDTCTL_L                                   
0000015d  WDTCTL_H                                   
00000160  CSCTL0                                     
00000160  CSCTL0_L                                   
00000161  CSCTL0_H                                   
00000162  CSCTL1                                     
00000162  CSCTL1_L                                   
00000163  CSCTL1_H                                   
00000164  CSCTL2                                     
00000164  CSCTL2_L                                   
00000165  CSCTL2_H                                   
00000166  CSCTL3                                     
00000166  CSCTL3_L                                   
00000167  CSCTL3_H                                   
00000168  CSCTL4                                     
00000168  CSCTL4_L                                   
00000169  CSCTL4_H                                   
0000016a  CSCTL5                                     
0000016a  CSCTL5_L                                   
0000016b  CSCTL5_H                                   
0000016c  CSCTL6                                     
0000016c  CSCTL6_L                                   
0000016d  CSCTL6_H                                   
00000180  SYSCTL                                     
00000180  SYSCTL_L                                   
00000181  SYSCTL_H                                   
00000182  SYSBSLC                                    
00000182  SYSBSLC_L                                  
00000183  SYSBSLC_H                                  
00000186  SYSJMBC                                    
00000186  SYSJMBC_L                                  
00000187  SYSJMBC_H                                  
00000188  SYSJMBI0                                   
00000188  SYSJMBI0_L                                 
00000189  SYSJMBI0_H                                 
0000018a  SYSJMBI1                                   
0000018a  SYSJMBI1_L                                 
0000018b  SYSJMBI1_H                                 
0000018c  SYSJMBO0                                   
0000018c  SYSJMBO0_L                                 
0000018d  SYSJMBO0_H                                 
0000018e  SYSJMBO1                                   
0000018e  SYSJMBO1_L                                 
0000018f  SYSJMBO1_H                                 
00000198  SYSBERRIV                                  
00000198  SYSBERRIV_L                                
00000199  SYSBERRIV_H                                
0000019a  SYSUNIV                                    
0000019a  SYSUNIV_L                                  
0000019b  SYSUNIV_H                                  
0000019c  SYSSNIV                                    
0000019c  SYSSNIV_L                                  
0000019d  SYSSNIV_H                                  
0000019e  SYSRSTIV                                   
0000019e  SYSRSTIV_L                                 
0000019f  SYSRSTIV_H                                 
000001b0  REFCTL0                                    
000001b0  REFCTL0_L                                  
000001b1  REFCTL0_H                                  
00000200  PAIN                                       
00000200  PAIN_L                                     
00000201  PAIN_H                                     
00000202  PAOUT                                      
00000202  PAOUT_L                                    
00000203  PAOUT_H                                    
00000204  PADIR                                      
00000204  PADIR_L                                    
00000205  PADIR_H                                    
00000206  PAREN                                      
00000206  PAREN_L                                    
00000207  PAREN_H                                    
0000020a  PASEL0                                     
0000020a  PASEL0_L                                   
0000020b  PASEL0_H                                   
0000020c  PASEL1                                     
0000020c  PASEL1_L                                   
0000020d  PASEL1_H                                   
0000020e  P1IV                                       
00000216  PASELC                                     
00000216  PASELC_L                                   
00000217  PASELC_H                                   
00000218  PAIES                                      
00000218  PAIES_L                                    
00000219  PAIES_H                                    
0000021a  PAIE                                       
0000021a  PAIE_L                                     
0000021b  PAIE_H                                     
0000021c  PAIFG                                      
0000021c  PAIFG_L                                    
0000021d  PAIFG_H                                    
0000021e  P2IV                                       
00000220  PBIN                                       
00000220  PBIN_L                                     
00000221  PBIN_H                                     
00000222  PBOUT                                      
00000222  PBOUT_L                                    
00000223  PBOUT_H                                    
00000224  PBDIR                                      
00000224  PBDIR_L                                    
00000225  PBDIR_H                                    
00000226  PBREN                                      
00000226  PBREN_L                                    
00000227  PBREN_H                                    
0000022a  PBSEL0                                     
0000022a  PBSEL0_L                                   
0000022b  PBSEL0_H                                   
0000022c  PBSEL1                                     
0000022c  PBSEL1_L                                   
0000022d  PBSEL1_H                                   
0000022e  P3IV                                       
00000236  PBSELC                                     
00000236  PBSELC_L                                   
00000237  PBSELC_H                                   
00000238  PBIES                                      
00000238  PBIES_L                                    
00000239  PBIES_H                                    
0000023a  PBIE                                       
0000023a  PBIE_L                                     
0000023b  PBIE_H                                     
0000023c  PBIFG                                      
0000023c  PBIFG_L                                    
0000023d  PBIFG_H                                    
0000023e  P4IV                                       
00000320  PJIN                                       
00000320  PJIN_L                                     
00000321  PJIN_H                                     
00000322  PJOUT                                      
00000322  PJOUT_L                                    
00000323  PJOUT_H                                    
00000324  PJDIR                                      
00000324  PJDIR_L                                    
00000325  PJDIR_H                                    
00000326  PJREN                                      
00000326  PJREN_L                                    
00000327  PJREN_H                                    
0000032a  PJSEL0                                     
0000032a  PJSEL0_L                                   
0000032b  PJSEL0_H                                   
0000032c  PJSEL1                                     
0000032c  PJSEL1_L                                   
0000032d  PJSEL1_H                                   
00000336  PJSELC                                     
00000336  PJSELC_L                                   
00000337  PJSELC_H                                   
00000340  TA0CTL                                     
00000342  TA0CCTL0                                   
00000344  TA0CCTL1                                   
00000346  TA0CCTL2                                   
00000350  TA0R                                       
00000352  TA0CCR0                                    
00000354  TA0CCR1                                    
00000356  TA0CCR2                                    
00000360  TA0EX0                                     
0000036e  TA0IV                                      
00000380  TA1CTL                                     
00000382  TA1CCTL0                                   
00000384  TA1CCTL1                                   
00000386  TA1CCTL2                                   
00000390  TA1R                                       
00000392  TA1CCR0                                    
00000394  TA1CCR1                                    
00000396  TA1CCR2                                    
000003a0  TA1EX0                                     
000003ae  TA1IV                                      
000003c0  TB0CTL                                     
000003c2  TB0CCTL0                                   
000003c4  TB0CCTL1                                   
000003c6  TB0CCTL2                                   
000003d0  TB0R                                       
000003d2  TB0CCR0                                    
000003d4  TB0CCR1                                    
000003d6  TB0CCR2                                    
000003e0  TB0EX0                                     
000003ee  TB0IV                                      
00000400  TB1CTL                                     
00000402  TB1CCTL0                                   
00000404  TB1CCTL1                                   
00000406  TB1CCTL2                                   
00000410  TB1R                                       
00000412  TB1CCR0                                    
00000414  TB1CCR1                                    
00000416  TB1CCR2                                    
00000420  TB1EX0                                     
0000042e  TB1IV                                      
00000440  TB2CTL                                     
00000442  TB2CCTL0                                   
00000444  TB2CCTL1                                   
00000446  TB2CCTL2                                   
00000450  TB2R                                       
00000452  TB2CCR0                                    
00000454  TB2CCR1                                    
00000456  TB2CCR2                                    
00000460  TB2EX0                                     
0000046e  TB2IV                                      
000004a0  RTCCTL01                                   
000004a0  RTCCTL01_L                                 
000004a1  RTCCTL01_H                                 
000004a2  RTCCTL23                                   
000004a2  RTCCTL23_L                                 
000004a3  RTCCTL23_H                                 
000004a8  RTCPS0CTL                                  
000004a8  RTCPS0CTL_L                                
000004a9  RTCPS0CTL_H                                
000004aa  RTCPS1CTL                                  
000004aa  RTCPS1CTL_L                                
000004ab  RTCPS1CTL_H                                
000004ac  RTCPS                                      
000004ac  RTCPS_L                                    
000004ad  RTCPS_H                                    
000004ae  RTCIV                                      
000004b0  RTCTIM0                                    
000004b0  RTCTIM0_L                                  
000004b1  RTCTIM0_H                                  
000004b2  RTCTIM1                                    
000004b2  RTCTIM1_L                                  
[...]
000005a4  MPUSEG_L                                   
000005a5  MPUSEG_H                                   
000005a6  MPUSAM                                     
000005a6  MPUSAM_L                                   
000005a7  MPUSAM_H                                   
000005c0  UCA0CTLW0                                  
000005c0  UCA0CTLW0_L                                
000005c1  UCA0CTLW0_H                                
000005c2  UCA0CTLW1                                  
000005c2  UCA0CTLW1_L                                
000005c3  UCA0CTLW1_H                                
000005c6  UCA0BRW                                    
000005c6  UCA0BRW_L                                  
000005c7  UCA0BRW_H                                  
000005c8  UCA0MCTLW                                  
000005c8  UCA0MCTLW_L                                
000005c9  UCA0MCTLW_H                                
000005ca  UCA0STATW                                  
000005cc  UCA0RXBUF                                  
000005cc  UCA0RXBUF_L                                
000005cd  UCA0RXBUF_H                                
000005ce  UCA0TXBUF                                  
000005ce  UCA0TXBUF_L                                
000005cf  UCA0TXBUF_H                                
000005d0  UCA0ABCTL                                  
000005d2  UCA0IRCTL                                  
000005d2  UCA0IRCTL_L                                
000005d3  UCA0IRCTL_H                                
000005da  UCA0IE                                     
000005da  UCA0IE_L                                   
000005db  UCA0IE_H                                   
000005dc  UCA0IFG                                    
000005dc  UCA0IFG_L                                  
000005dd  UCA0IFG_H                                  
000005de  UCA0IV                                     
000005e0  UCA1CTLW0                                  
000005e0  UCA1CTLW0_L                                
000005e1  UCA1CTLW0_H                                
000005e2  UCA1CTLW1                                  
000005e2  UCA1CTLW1_L                                
000005e3  UCA1CTLW1_H                                
000005e6  UCA1BRW                                    
000005e6  UCA1BRW_L                                  
000005e7  UCA1BRW_H                                  
000005e8  UCA1MCTLW                                  
000005e8  UCA1MCTLW_L                                
000005e9  UCA1MCTLW_H                                
000005ea  UCA1STATW                                  
000005ec  UCA1RXBUF                                  
000005ec  UCA1RXBUF_L                                
000005ed  UCA1RXBUF_H                                
000005ee  UCA1TXBUF                                  
000005ee  UCA1TXBUF_L                                
000005ef  UCA1TXBUF_H                                
000005f0  UCA1ABCTL                                  
000005f2  UCA1IRCTL                                  
000005f2  UCA1IRCTL_L                                
000005f3  UCA1IRCTL_H                                
000005fa  UCA1IE                                     
000005fa  UCA1IE_L                                   
000005fb  UCA1IE_H                                   
000005fc  UCA1IFG                                    
000005fc  UCA1IFG_L                                  
000005fd  UCA1IFG_H                                  
000005fe  UCA1IV                                     
00000640  UCB0CTLW0                                  
00000640  UCB0CTLW0_L                                
00000641  UCB0CTLW0_H                                
00000642  UCB0CTLW1                                  
00000642  UCB0CTLW1_L                                
00000643  UCB0CTLW1_H                                
00000646  UCB0BRW                                    
00000646  UCB0BRW_L                                  
00000647  UCB0BRW_H                                  
00000648  UCB0STATW                                  
00000648  UCB0STATW_L                                
00000649  UCB0STATW_H                                
0000064a  UCB0TBCNT                                  
0000064a  UCB0TBCNT_L                                
0000064b  UCB0TBCNT_H                                
0000064c  UCB0RXBUF                                  
0000064c  UCB0RXBUF_L                                
0000064d  UCB0RXBUF_H                                
0000064e  UCB0TXBUF                                  
0000064e  UCB0TXBUF_L                                
0000064f  UCB0TXBUF_H                                
00000654  UCB0I2COA0                                 
00000654  UCB0I2COA0_L                               
00000655  UCB0I2COA0_H                               
00000656  UCB0I2COA1                                 
00000656  UCB0I2COA1_L                               
00000657  UCB0I2COA1_H                               
00000658  UCB0I2COA2                                 
00000658  UCB0I2COA2_L                               
00000659  UCB0I2COA2_H                               
0000065a  UCB0I2COA3                                 
0000065a  UCB0I2COA3_L                               
0000065b  UCB0I2COA3_H                               
0000065c  UCB0ADDRX                                  
0000065c  UCB0ADDRX_L                                
0000065d  UCB0ADDRX_H                                
0000065e  UCB0ADDMASK                                
0000065e  UCB0ADDMASK_L                              
0000065f  UCB0ADDMASK_H                              
00000660  UCB0I2CSA                                  
00000660  UCB0I2CSA_L                                
00000661  UCB0I2CSA_H                                
0000066a  UCB0IE                                     
0000066a  UCB0IE_L                                   
0000066b  UCB0IE_H                                   
0000066c  UCB0IFG                                    
0000066c  UCB0IFG_L                                  
0000066d  UCB0IFG_H                                  
0000066e  UCB0IV                                     
00000700  ADC10CTL0                                  
00000700  ADC10CTL0_L                                
00000701  ADC10CTL0_H                                
00000702  ADC10CTL1                                  
00000702  ADC10CTL1_L                                
00000703  ADC10CTL1_H                                
00000704  ADC10CTL2                                  
00000704  ADC10CTL2_L                                
00000705  ADC10CTL2_H                                
00000706  ADC10LO                                    
00000706  ADC10LO_L                                  
00000707  ADC10LO_H                                  
00000708  ADC10HI                                    
00000708  ADC10HI_L                                  
00000709  ADC10HI_H                                  
0000070a  ADC10MCTL0                                 
0000070a  ADC10MCTL0_L                               
0000070b  ADC10MCTL0_H                               
00000712  ADC10MEM0                                  
00000712  ADC10MEM0_L                                
00000713  ADC10MEM0_H                                
0000071a  ADC10IE                                    
0000071a  ADC10IE_L                                  
0000071b  ADC10IE_H                                  
0000071c  ADC10IFG                                   
0000071c  ADC10IFG_L                                 
0000071d  ADC10IFG_H                                 
0000071e  ADC10IV                                    
0000071e  ADC10IV_L                                  
0000071f  ADC10IV_H                                  
000008c0  CDCTL0                                     
000008c0  CDCTL0_L                                   
000008c1  CDCTL0_H                                   
000008c2  CDCTL1                                     
000008c2  CDCTL1_L                                   
000008c3  CDCTL1_H                                   
000008c4  CDCTL2                                     
000008c4  CDCTL2_L                                   
000008c5  CDCTL2_H                                   
000008c6  CDCTL3                                     
000008c6  CDCTL3_L                                   
000008c7  CDCTL3_H                                   
000008cc  CDINT                                      
000008cc  CDINT_L                                    
000008cd  CDINT_H                                    
000008ce  CDIV                                       
000008ce  CDIV_L                                     
000008cf  CDIV_H                                     
00001c00  resultadoIntermedio1                       
00001c0c  setPoint                                   
00001c10  exponente                                  
00001c12  mantisa                                    
00001c14  tensionReferenciaN                         
00001fc0  _stack                                     
00002000  __STACK_END                                
0000c200  fram_ro_start                              
0000c200  fram_rw_start                              
0000c20e  __TI_Handler_Table_Base                    
0000c216  __TI_CINIT_Base                            
0000c216  __TI_Handler_Table_Limit                   
0000c21e  __TI_CINIT_Limit                           
0000c260  ATTENUATION_PV_VOLTAGE                     
0000c264  ATTENUATION_SC_VOLTAGE                     
0000c268  ATTENUATION_SUPPLY_VOLTAGE                 
0000c284  SC_VOLTAGE_LIMIT_2V1                       
0000c288  SC_VOLTAGE_LIMIT_2V5                       
0000c28c  SC_VOLTAGE_LIMIT_5V                        
0000c290  DEGREES_PER_LSB                            
0000c400  fram_rx_start                              
0000ca4e  __TI_frcmpyd                               
0000cd32  __mspabi_addd                              
0000d00a  __mspabi_mpyd                              
0000d28c  __TI_frcaddd                               
0000d4de  calculoANN2Layer                           
0000d660  __mspabi_subf                              
0000d666  __mspabi_addf                              
0000d790  EUSCI_B0_graceInit                         
0000d886  setDACValue                                
0000d972  __mspabi_cmpd                              
0000da4a  __mspabi_mpyf                              
0000db00  __TI_renormd                               
0000dc62  calculateLight                             
0000dd00  measureTMP112                              
0000dd94  measureLight                               
0000de24  __mspabi_divf                              
0000deb2  __mspabi_cvtdf                             
0000df3e  voltagesCalculation                        
0000dfc6  PinMux_graceInit                           
0000e046  ADC10_B_graceInit                          
0000e0c2  Timer_A_initUpMode                         
0000e13e  __mspabi_fltuld                            
0000e1b4  _auto_init_hold_wdt                        
0000e28c  __mspabi_fixdul                            
0000e2f4  CS_initClockSignal                         
0000e35a  __mspabi_cvtfd                             
0000e3be  EUSCI_B_I2C_initMaster                     
0000e41e  voltageReferenceSelector                   
0000e47e  EUSCI_B_I2C_masterSendSingleByte           
0000e4da  measureVoltages                            
0000e532  __mspabi_divul                             
0000e532  __mspabi_remul                             
0000e58a  mpptWindowComparatorCtrl                   
0000e5dc  normalizedInput                            
0000e62e  adquisitionVoltages                        
0000e67e  calculateTMP112                            
0000e6ce  Timer0_A3_graceInit                        
0000e71c  ADC10_B_init                               
0000e768  __mspabi_cmpf                              
0000e7f8  __mspabi_fixfu                             
0000e884  EUSCI_B_I2C_masterSendMultiByteStart       
0000e8c4  measureSensors                             
0000e904  __mspabi_sral_15                           
0000e908  __mspabi_sral_14                           
0000e90c  __mspabi_sral_13                           
0000e910  __mspabi_sral_12                           
0000e914  __mspabi_sral_11                           
0000e918  __mspabi_sral_10                           
0000e91c  __mspabi_sral_9                            
0000e920  __mspabi_sral_8                            
0000e924  __mspabi_sral_7                            
0000e928  __mspabi_sral_6                            
0000e92c  __mspabi_sral_5                            
0000e930  __mspabi_sral_4                            
0000e934  __mspabi_sral_3                            
0000e938  __mspabi_sral_2                            
0000e93c  __mspabi_sral_1                            
0000e942  __mspabi_slll_15                           
0000e946  __mspabi_slll_14                           
0000e94a  __mspabi_slll_13                           
0000e94e  __mspabi_slll_12                           
0000e952  __mspabi_slll_11                           
0000e956  __mspabi_slll_10                           
0000e95a  __mspabi_slll_9                            
0000e95e  __mspabi_slll_8                            
0000e962  __mspabi_slll_7                            
0000e966  __mspabi_slll_6                            
0000e96a  __mspabi_slll_5                            
0000e96e  __mspabi_slll_4                            
0000e972  __mspabi_slll_3                            
0000e976  __mspabi_slll_2                            
0000e97a  __mspabi_slll_1                            
0000e980  __mspabi_srll_15                           
0000e984  __mspabi_srll_14                           
0000e988  __mspabi_srll_13                           
0000e98c  __mspabi_srll_12                           
0000e990  __mspabi_srll_11                           
0000e994  __mspabi_srll_10                           
0000e998  __mspabi_srll_9                            
0000e99c  __mspabi_srll_8                            
0000e9a0  __mspabi_srll_7                            
0000e9a4  __mspabi_srll_6                            
0000e9a8  __mspabi_srll_5                            
0000e9ac  __mspabi_srll_4                            
0000e9b0  __mspabi_srll_3                            
0000e9b4  __mspabi_srll_2                            
0000e9b8  __mspabi_srll_1                            
0000e9f8  CS_graceInit                               
0000ea30  __mspabi_subd                              
0000ea62  CS_clearAllOscFlagsWithTimeout             
0000ea90  Grace_init                                 
0000eb18  ADC10_B_disableConversions                 
0000eb40  _c_int00_noargs_noexit                     
0000eb66  calculateVref                              
0000eb8c  EUSCI_B_I2C_masterReceiveMultiByteFinish   
0000ebb0  __mspabi_fltuf                             
0000ebd4  EUSCI_B_I2C_masterReceiveSingleByte        
0000ebf6  TIMER0_A1_ISR_HOOK                         
0000ec18  __mspabi_mpyl_f5hw                         
0000ec3a  WDT_A_hold                                 
0000ec5a  GPIO_setOutputHighOnPin                    
0000ec76  GPIO_setOutputLowOnPin                     
0000ec92  REF_graceInit                              
0000ecae  ADC10_B_setupSamplingTimer                 
0000ecc8  ADC10_B_startConversion                    
0000ece0  ADC10_B_setSampleHoldSignalInversion       
0000ed0c  ADC10_B_setDataReadBackFormat              
0000ed20  ADC10_B_setReferenceBufferSamplingRate     
0000ed34  memcpy                                     
0000ed48  CS_setDCOFreq                              
0000ed5a  __mspabi_fixdu                             
0000ed6c  __TI_decompress_none                       
0000ed7e  __mspabi_sral                              
0000ed8e  __mspabi_slll                              
0000ed9e  __mspabi_srll                              
0000edae  ADC10_B_configureMemory                    
0000edbc  ADC10_B_disableInterrupt                   
0000edca  EUSCI_B_I2C_setMode                        
0000ede6  EUSCI_B_I2C_disableInterrupt               
0000edf2  EUSCI_B_I2C_isBusBusy                      
0000edfe  EUSCI_B_I2C_masterReceiveStart             
0000ee0a  EUSCI_B_I2C_setSlaveAddress                
0000ee16  Ref_setReferenceVoltage                    
0000ee22  main                                       
0000ee2e  ti_catalog_msp430_init_Boot_init           
0000ee2e  xdc_runtime_Startup_reset__I               
0000ee38  ADC10_B_disableReferenceBurst              
0000ee42  ADC10_B_enableReferenceBurst               
0000ee4c  EUSCI_B_I2C_masterReceiveMultiByteNext     
0000ee56  WDT_A_graceInit                            
0000ee6a  __mspabi_negf                              
0000ee74  ti_catalog_msp430_init_Boot_disableWatchdog
0000ee7c  ADC10_B_disable                            
0000ee84  ADC10_B_enable                             
0000ee8c  ADC10_B_getResults                         
0000ee94  ADC10_B_isBusy                             
0000ee9c  EUSCI_B_I2C_masterIsStartSent              
0000eea4  EUSCI_B_I2C_masterIsStopSent               
0000eeac  System_graceInit                           
0000eeb4  EUSCI_B_I2C_disable                        
0000eeba  EUSCI_B_I2C_enable                         
0000eec0  EUSCI_B_I2C_masterReceiveMultiByteStop     
0000eec6  Ref_disableReferenceVoltage                
0000eecc  Ref_disableTempSensor                      
0000eed2  Ref_enableReferenceVoltage                 
0000eed8  Timer_A_clearTimerInterrupt                
0000eede  Timer_A_startCounter                       
0000eee4  __mspabi_fltud                             
0000eeea  __TI_ISR_TRAP                              
0000eef0  __TI_decompress_rle24                      
0000eef6  _system_pre_init                           
0000eefa  C$$EXIT                                    
0000eefa  abort                                      
0000eefe  InterruptVectors_graceInit                 
0000ef00  SYSNMI_ISR_HOOK                            
0000ef02  TIMER0_A0_ISR_HOOK                         
0000ef04  UNMI_ISR_HOOK                              
0000ffce  __TI_int31                                 
0000ffd0  __TI_int32                                 
0000ffd2  __TI_int33                                 
0000ffd4  __TI_int34                                 
0000ffd6  __TI_int35                                 
0000ffd8  __TI_int36                                 
0000ffda  __TI_int37                                 
0000ffdc  __TI_int38                                 
0000ffde  __TI_int39                                 
0000ffe0  __TI_int40                                 
0000ffe2  __TI_int41                                 
0000ffe4  __TI_int42                                 
0000ffe6  __TI_int43                                 
0000ffe8  __TI_int44                                 
0000ffea  __TI_int45                                 
0000ffec  __TI_int46                                 
0000ffee  __TI_int47                                 
0000fff0  __TI_int48                                 
0000fff2  __TI_int49                                 
0000fff4  __TI_int50                                 
0000fff6  __TI_int51                                 
0000fff8  __TI_int52                                 
0000fffa  __TI_int53                                 
0000fffc  __TI_int54                                 
0000fffe  _reset_vector                              
ffffffff  __binit__                                  
ffffffff  __c_args__                                 
ffffffff  binit                                      
UNDEFED   __TI_INITARRAY_Base                        
UNDEFED   __TI_INITARRAY_Limit                       

[773 symbols]
