<?xml version="1.0"?>
<link_info>
   <banner>MSP430 Linker PC v4.4.3</banner>
   <copyright>Copyright (c) 2003-2015 Texas Instruments Incorporated</copyright>
   <link_time>0x5628b6e6</link_time>
   <link_errors>0x0</link_errors>
   <output_file>mpptCtrlFinal.out</output_file>
   <entry_point>
      <name>_c_int00_noargs_noexit</name>
      <address>0xf936</address>
   </entry_point>
   <input_file_list>
      <input_file id="fl-2">
         <path>.\</path>
         <kind>object</kind>
         <file>adc_proxy.obj</file>
         <name>adc_proxy.obj</name>
      </input_file>
      <input_file id="fl-3">
         <path>.\</path>
         <kind>object</kind>
         <file>main.obj</file>
         <name>main.obj</name>
      </input_file>
      <input_file id="fl-4">
         <path>.\</path>
         <kind>object</kind>
         <file>sensor_proxy.obj</file>
         <name>sensor_proxy.obj</name>
      </input_file>
      <input_file id="fl-5">
         <path>.\temperature_tmp112\</path>
         <kind>object</kind>
         <file>TMP112_I2C_temperature_sensor.obj</file>
         <name>TMP112_I2C_temperature_sensor.obj</name>
      </input_file>
      <input_file id="fl-6">
         <path>.\light_MAX44009\</path>
         <kind>object</kind>
         <file>light_sensor_MAX44009.obj</file>
         <name>light_sensor_MAX44009.obj</name>
      </input_file>
      <input_file id="fl-7">
         <path>.\adc\</path>
         <kind>object</kind>
         <file>averaged_adc.obj</file>
         <name>averaged_adc.obj</name>
      </input_file>
      <input_file id="fl-b">
         <path>C:\Users\Diegol\Documents\GitHub\mpptCtrlFinal\Debug\configPkg\package\cfg\</path>
         <kind>object</kind>
         <file>main_pe430X.oe430X</file>
         <name>main_pe430X.oe430X</name>
      </input_file>
      <input_file id="fl-13">
         <path>C:\ti\grace_3_10_00_82\packages\ti\targets\msp430\rts430\lib\</path>
         <kind>archive</kind>
         <file>boot.ae430X</file>
         <name>boot.oe430X</name>
      </input_file>
      <input_file id="fl-14">
         <path>C:\ti\grace_3_10_00_82\packages\ti\targets\msp430\rts430\lib\</path>
         <kind>archive</kind>
         <file>boot.ae430X</file>
         <name>boot_special.oe430X</name>
      </input_file>
      <input_file id="fl-15">
         <path>C:\ti\grace_3_10_00_82\packages\ti\targets\msp430\rts430\lib\</path>
         <kind>archive</kind>
         <file>boot.ae430X</file>
         <name>pre_init.oe430X</name>
      </input_file>
      <input_file id="fl-16">
         <path>C:\ti\grace_3_10_00_82\packages\ti\targets\msp430\rts430\lib\</path>
         <kind>archive</kind>
         <file>boot.ae430X</file>
         <name>autoinit_wdt.oe430X</name>
      </input_file>
      <input_file id="fl-17">
         <path>C:\ti\grace_3_10_00_82\packages\ti\catalog\msp430\init\lib\</path>
         <kind>archive</kind>
         <file>ti.catalog.msp430.init.ae430X</file>
         <name>Boot.oe430X</name>
      </input_file>
      <input_file id="fl-18">
         <path>C:\Users\Diegol\Documents\GitHub\mpptCtrlFinal\src\grace\</path>
         <kind>archive</kind>
         <file>grace.lib</file>
         <name>Grace_init.obj</name>
      </input_file>
      <input_file id="fl-19">
         <path>C:\Users\Diegol\Documents\GitHub\mpptCtrlFinal\src\grace\</path>
         <kind>archive</kind>
         <file>grace.lib</file>
         <name>PinMux_init.obj</name>
      </input_file>
      <input_file id="fl-1a">
         <path>C:\Users\Diegol\Documents\GitHub\mpptCtrlFinal\src\grace\</path>
         <kind>archive</kind>
         <file>grace.lib</file>
         <name>CS_init.obj</name>
      </input_file>
      <input_file id="fl-1b">
         <path>C:\Users\Diegol\Documents\GitHub\mpptCtrlFinal\src\grace\</path>
         <kind>archive</kind>
         <file>grace.lib</file>
         <name>EUSCI_B0_init.obj</name>
      </input_file>
      <input_file id="fl-1c">
         <path>C:\Users\Diegol\Documents\GitHub\mpptCtrlFinal\src\grace\</path>
         <kind>archive</kind>
         <file>grace.lib</file>
         <name>InterruptVectors_init.obj</name>
      </input_file>
      <input_file id="fl-1d">
         <path>C:\Users\Diegol\Documents\GitHub\mpptCtrlFinal\src\grace\</path>
         <kind>archive</kind>
         <file>grace.lib</file>
         <name>System_init.obj</name>
      </input_file>
      <input_file id="fl-1e">
         <path>C:\Users\Diegol\Documents\GitHub\mpptCtrlFinal\src\grace\</path>
         <kind>archive</kind>
         <file>grace.lib</file>
         <name>WDT_A_init.obj</name>
      </input_file>
      <input_file id="fl-1f">
         <path>C:\Users\Diegol\Documents\GitHub\mpptCtrlFinal\src\grace\</path>
         <kind>archive</kind>
         <file>grace.lib</file>
         <name>adc10_b.obj</name>
      </input_file>
      <input_file id="fl-20">
         <path>C:\Users\Diegol\Documents\GitHub\mpptCtrlFinal\src\grace\</path>
         <kind>archive</kind>
         <file>grace.lib</file>
         <name>cs.obj</name>
      </input_file>
      <input_file id="fl-21">
         <path>C:\Users\Diegol\Documents\GitHub\mpptCtrlFinal\src\grace\</path>
         <kind>archive</kind>
         <file>grace.lib</file>
         <name>eusci_b_i2c.obj</name>
      </input_file>
      <input_file id="fl-22">
         <path>C:\Users\Diegol\Documents\GitHub\mpptCtrlFinal\src\grace\</path>
         <kind>archive</kind>
         <file>grace.lib</file>
         <name>gpio.obj</name>
      </input_file>
      <input_file id="fl-23">
         <path>C:\Users\Diegol\Documents\GitHub\mpptCtrlFinal\src\grace\</path>
         <kind>archive</kind>
         <file>grace.lib</file>
         <name>ref.obj</name>
      </input_file>
      <input_file id="fl-24">
         <path>C:\Users\Diegol\Documents\GitHub\mpptCtrlFinal\src\grace\</path>
         <kind>archive</kind>
         <file>grace.lib</file>
         <name>wdt_a.obj</name>
      </input_file>
      <input_file id="fl-25">
         <path>C:\Users\Diegol\Documents\GitHub\mpptCtrlFinal\src\grace\</path>
         <kind>archive</kind>
         <file>grace.lib</file>
         <name>ADC10_B_init.obj</name>
      </input_file>
      <input_file id="fl-26">
         <path>C:\Users\Diegol\Documents\GitHub\mpptCtrlFinal\src\grace\</path>
         <kind>archive</kind>
         <file>grace.lib</file>
         <name>REF_init.obj</name>
      </input_file>
      <input_file id="fl-55">
         <path>C:\ti\ccsv6\tools\compiler\ti-cgt-msp430_4.4.3\lib\</path>
         <kind>archive</kind>
         <file>rts430x_lc_rd_eabi.lib</file>
         <name>args_main.obj</name>
      </input_file>
      <input_file id="fl-56">
         <path>C:\ti\ccsv6\tools\compiler\ti-cgt-msp430_4.4.3\lib\</path>
         <kind>archive</kind>
         <file>rts430x_lc_rd_eabi.lib</file>
         <name>copy_decompress_none.obj</name>
      </input_file>
      <input_file id="fl-57">
         <path>C:\ti\ccsv6\tools\compiler\ti-cgt-msp430_4.4.3\lib\</path>
         <kind>archive</kind>
         <file>rts430x_lc_rd_eabi.lib</file>
         <name>copy_decompress_rle.obj</name>
      </input_file>
      <input_file id="fl-58">
         <path>C:\ti\ccsv6\tools\compiler\ti-cgt-msp430_4.4.3\lib\</path>
         <kind>archive</kind>
         <file>rts430x_lc_rd_eabi.lib</file>
         <name>copy_zero_init.obj</name>
      </input_file>
      <input_file id="fl-59">
         <path>C:\ti\ccsv6\tools\compiler\ti-cgt-msp430_4.4.3\lib\</path>
         <kind>archive</kind>
         <file>rts430x_lc_rd_eabi.lib</file>
         <name>cvtdf.obj</name>
      </input_file>
      <input_file id="fl-5a">
         <path>C:\ti\ccsv6\tools\compiler\ti-cgt-msp430_4.4.3\lib\</path>
         <kind>archive</kind>
         <file>rts430x_lc_rd_eabi.lib</file>
         <name>div16s.obj</name>
      </input_file>
      <input_file id="fl-5b">
         <path>C:\ti\ccsv6\tools\compiler\ti-cgt-msp430_4.4.3\lib\</path>
         <kind>archive</kind>
         <file>rts430x_lc_rd_eabi.lib</file>
         <name>div16u.obj</name>
      </input_file>
      <input_file id="fl-5c">
         <path>C:\ti\ccsv6\tools\compiler\ti-cgt-msp430_4.4.3\lib\</path>
         <kind>archive</kind>
         <file>rts430x_lc_rd_eabi.lib</file>
         <name>div32s.obj</name>
      </input_file>
      <input_file id="fl-5d">
         <path>C:\ti\ccsv6\tools\compiler\ti-cgt-msp430_4.4.3\lib\</path>
         <kind>archive</kind>
         <file>rts430x_lc_rd_eabi.lib</file>
         <name>div32u.obj</name>
      </input_file>
      <input_file id="fl-5e">
         <path>C:\ti\ccsv6\tools\compiler\ti-cgt-msp430_4.4.3\lib\</path>
         <kind>archive</kind>
         <file>rts430x_lc_rd_eabi.lib</file>
         <name>exit.obj</name>
      </input_file>
      <input_file id="fl-5f">
         <path>C:\ti\ccsv6\tools\compiler\ti-cgt-msp430_4.4.3\lib\</path>
         <kind>archive</kind>
         <file>rts430x_lc_rd_eabi.lib</file>
         <name>fltud.obj</name>
      </input_file>
      <input_file id="fl-60">
         <path>C:\ti\ccsv6\tools\compiler\ti-cgt-msp430_4.4.3\lib\</path>
         <kind>archive</kind>
         <file>rts430x_lc_rd_eabi.lib</file>
         <name>fltuld.obj</name>
      </input_file>
      <input_file id="fl-61">
         <path>C:\ti\ccsv6\tools\compiler\ti-cgt-msp430_4.4.3\lib\</path>
         <kind>archive</kind>
         <file>rts430x_lc_rd_eabi.lib</file>
         <name>fs_mpy.obj</name>
      </input_file>
      <input_file id="fl-62">
         <path>C:\ti\ccsv6\tools\compiler\ti-cgt-msp430_4.4.3\lib\</path>
         <kind>archive</kind>
         <file>rts430x_lc_rd_eabi.lib</file>
         <name>fs_neg.obj</name>
      </input_file>
      <input_file id="fl-63">
         <path>C:\ti\ccsv6\tools\compiler\ti-cgt-msp430_4.4.3\lib\</path>
         <kind>archive</kind>
         <file>rts430x_lc_rd_eabi.lib</file>
         <name>fs_utof.obj</name>
      </input_file>
      <input_file id="fl-64">
         <path>C:\ti\ccsv6\tools\compiler\ti-cgt-msp430_4.4.3\lib\</path>
         <kind>archive</kind>
         <file>rts430x_lc_rd_eabi.lib</file>
         <name>int31.obj</name>
      </input_file>
      <input_file id="fl-65">
         <path>C:\ti\ccsv6\tools\compiler\ti-cgt-msp430_4.4.3\lib\</path>
         <kind>archive</kind>
         <file>rts430x_lc_rd_eabi.lib</file>
         <name>int32.obj</name>
      </input_file>
      <input_file id="fl-66">
         <path>C:\ti\ccsv6\tools\compiler\ti-cgt-msp430_4.4.3\lib\</path>
         <kind>archive</kind>
         <file>rts430x_lc_rd_eabi.lib</file>
         <name>int33.obj</name>
      </input_file>
      <input_file id="fl-67">
         <path>C:\ti\ccsv6\tools\compiler\ti-cgt-msp430_4.4.3\lib\</path>
         <kind>archive</kind>
         <file>rts430x_lc_rd_eabi.lib</file>
         <name>int34.obj</name>
      </input_file>
      <input_file id="fl-68">
         <path>C:\ti\ccsv6\tools\compiler\ti-cgt-msp430_4.4.3\lib\</path>
         <kind>archive</kind>
         <file>rts430x_lc_rd_eabi.lib</file>
         <name>int35.obj</name>
      </input_file>
      <input_file id="fl-69">
         <path>C:\ti\ccsv6\tools\compiler\ti-cgt-msp430_4.4.3\lib\</path>
         <kind>archive</kind>
         <file>rts430x_lc_rd_eabi.lib</file>
         <name>int36.obj</name>
      </input_file>
      <input_file id="fl-6a">
         <path>C:\ti\ccsv6\tools\compiler\ti-cgt-msp430_4.4.3\lib\</path>
         <kind>archive</kind>
         <file>rts430x_lc_rd_eabi.lib</file>
         <name>int37.obj</name>
      </input_file>
      <input_file id="fl-6b">
         <path>C:\ti\ccsv6\tools\compiler\ti-cgt-msp430_4.4.3\lib\</path>
         <kind>archive</kind>
         <file>rts430x_lc_rd_eabi.lib</file>
         <name>int38.obj</name>
      </input_file>
      <input_file id="fl-6c">
         <path>C:\ti\ccsv6\tools\compiler\ti-cgt-msp430_4.4.3\lib\</path>
         <kind>archive</kind>
         <file>rts430x_lc_rd_eabi.lib</file>
         <name>int39.obj</name>
      </input_file>
      <input_file id="fl-6d">
         <path>C:\ti\ccsv6\tools\compiler\ti-cgt-msp430_4.4.3\lib\</path>
         <kind>archive</kind>
         <file>rts430x_lc_rd_eabi.lib</file>
         <name>int40.obj</name>
      </input_file>
      <input_file id="fl-6e">
         <path>C:\ti\ccsv6\tools\compiler\ti-cgt-msp430_4.4.3\lib\</path>
         <kind>archive</kind>
         <file>rts430x_lc_rd_eabi.lib</file>
         <name>int41.obj</name>
      </input_file>
      <input_file id="fl-6f">
         <path>C:\ti\ccsv6\tools\compiler\ti-cgt-msp430_4.4.3\lib\</path>
         <kind>archive</kind>
         <file>rts430x_lc_rd_eabi.lib</file>
         <name>int42.obj</name>
      </input_file>
      <input_file id="fl-70">
         <path>C:\ti\ccsv6\tools\compiler\ti-cgt-msp430_4.4.3\lib\</path>
         <kind>archive</kind>
         <file>rts430x_lc_rd_eabi.lib</file>
         <name>int43.obj</name>
      </input_file>
      <input_file id="fl-71">
         <path>C:\ti\ccsv6\tools\compiler\ti-cgt-msp430_4.4.3\lib\</path>
         <kind>archive</kind>
         <file>rts430x_lc_rd_eabi.lib</file>
         <name>int44.obj</name>
      </input_file>
      <input_file id="fl-72">
         <path>C:\ti\ccsv6\tools\compiler\ti-cgt-msp430_4.4.3\lib\</path>
         <kind>archive</kind>
         <file>rts430x_lc_rd_eabi.lib</file>
         <name>int45.obj</name>
      </input_file>
      <input_file id="fl-73">
         <path>C:\ti\ccsv6\tools\compiler\ti-cgt-msp430_4.4.3\lib\</path>
         <kind>archive</kind>
         <file>rts430x_lc_rd_eabi.lib</file>
         <name>int46.obj</name>
      </input_file>
      <input_file id="fl-74">
         <path>C:\ti\ccsv6\tools\compiler\ti-cgt-msp430_4.4.3\lib\</path>
         <kind>archive</kind>
         <file>rts430x_lc_rd_eabi.lib</file>
         <name>int47.obj</name>
      </input_file>
      <input_file id="fl-75">
         <path>C:\ti\ccsv6\tools\compiler\ti-cgt-msp430_4.4.3\lib\</path>
         <kind>archive</kind>
         <file>rts430x_lc_rd_eabi.lib</file>
         <name>int48.obj</name>
      </input_file>
      <input_file id="fl-76">
         <path>C:\ti\ccsv6\tools\compiler\ti-cgt-msp430_4.4.3\lib\</path>
         <kind>archive</kind>
         <file>rts430x_lc_rd_eabi.lib</file>
         <name>int49.obj</name>
      </input_file>
      <input_file id="fl-77">
         <path>C:\ti\ccsv6\tools\compiler\ti-cgt-msp430_4.4.3\lib\</path>
         <kind>archive</kind>
         <file>rts430x_lc_rd_eabi.lib</file>
         <name>int50.obj</name>
      </input_file>
      <input_file id="fl-78">
         <path>C:\ti\ccsv6\tools\compiler\ti-cgt-msp430_4.4.3\lib\</path>
         <kind>archive</kind>
         <file>rts430x_lc_rd_eabi.lib</file>
         <name>int51.obj</name>
      </input_file>
      <input_file id="fl-79">
         <path>C:\ti\ccsv6\tools\compiler\ti-cgt-msp430_4.4.3\lib\</path>
         <kind>archive</kind>
         <file>rts430x_lc_rd_eabi.lib</file>
         <name>int52.obj</name>
      </input_file>
      <input_file id="fl-7a">
         <path>C:\ti\ccsv6\tools\compiler\ti-cgt-msp430_4.4.3\lib\</path>
         <kind>archive</kind>
         <file>rts430x_lc_rd_eabi.lib</file>
         <name>int53.obj</name>
      </input_file>
      <input_file id="fl-7b">
         <path>C:\ti\ccsv6\tools\compiler\ti-cgt-msp430_4.4.3\lib\</path>
         <kind>archive</kind>
         <file>rts430x_lc_rd_eabi.lib</file>
         <name>int54.obj</name>
      </input_file>
      <input_file id="fl-7c">
         <path>C:\ti\ccsv6\tools\compiler\ti-cgt-msp430_4.4.3\lib\</path>
         <kind>archive</kind>
         <file>rts430x_lc_rd_eabi.lib</file>
         <name>isr_trap.obj</name>
      </input_file>
      <input_file id="fl-7d">
         <path>C:\ti\ccsv6\tools\compiler\ti-cgt-msp430_4.4.3\lib\</path>
         <kind>archive</kind>
         <file>rts430x_lc_rd_eabi.lib</file>
         <name>lsl32.obj</name>
      </input_file>
      <input_file id="fl-7e">
         <path>C:\ti\ccsv6\tools\compiler\ti-cgt-msp430_4.4.3\lib\</path>
         <kind>archive</kind>
         <file>rts430x_lc_rd_eabi.lib</file>
         <name>lsr32.obj</name>
      </input_file>
      <input_file id="fl-7f">
         <path>C:\ti\ccsv6\tools\compiler\ti-cgt-msp430_4.4.3\lib\</path>
         <kind>archive</kind>
         <file>rts430x_lc_rd_eabi.lib</file>
         <name>memcpy.obj</name>
      </input_file>
      <input_file id="fl-80">
         <path>C:\ti\ccsv6\tools\compiler\ti-cgt-msp430_4.4.3\lib\</path>
         <kind>archive</kind>
         <file>rts430x_lc_rd_eabi.lib</file>
         <name>mpu_init.obj</name>
      </input_file>
      <input_file id="fl-81">
         <path>C:\ti\ccsv6\tools\compiler\ti-cgt-msp430_4.4.3\lib\</path>
         <kind>archive</kind>
         <file>rts430x_lc_rd_eabi.lib</file>
         <name>mpyd.obj</name>
      </input_file>
      <input_file id="fl-82">
         <path>C:\ti\ccsv6\tools\compiler\ti-cgt-msp430_4.4.3\lib\</path>
         <kind>archive</kind>
         <file>rts430x_lc_rd_eabi.lib</file>
         <name>mult1632_f5hw.obj</name>
      </input_file>
      <input_file id="fl-83">
         <path>C:\ti\ccsv6\tools\compiler\ti-cgt-msp430_4.4.3\lib\</path>
         <kind>archive</kind>
         <file>rts430x_lc_rd_eabi.lib</file>
         <name>mult16_f5hw.obj</name>
      </input_file>
      <input_file id="fl-84">
         <path>C:\ti\ccsv6\tools\compiler\ti-cgt-msp430_4.4.3\lib\</path>
         <kind>archive</kind>
         <file>rts430x_lc_rd_eabi.lib</file>
         <name>mult3264_f5hw.obj</name>
      </input_file>
      <input_file id="fl-85">
         <path>C:\ti\ccsv6\tools\compiler\ti-cgt-msp430_4.4.3\lib\</path>
         <kind>archive</kind>
         <file>rts430x_lc_rd_eabi.lib</file>
         <name>mult32_f5hw.obj</name>
      </input_file>
      <input_file id="fl-86">
         <path>C:\ti\ccsv6\tools\compiler\ti-cgt-msp430_4.4.3\lib\</path>
         <kind>archive</kind>
         <file>rts430x_lc_rd_eabi.lib</file>
         <name>mult64_f5hw.obj</name>
      </input_file>
      <input_file id="fl-87">
         <path>C:\ti\ccsv6\tools\compiler\ti-cgt-msp430_4.4.3\lib\</path>
         <kind>archive</kind>
         <file>rts430x_lc_rd_eabi.lib</file>
         <name>pow.obj</name>
      </input_file>
      <input_file id="fl-88">
         <path>C:\ti\ccsv6\tools\compiler\ti-cgt-msp430_4.4.3\lib\</path>
         <kind>archive</kind>
         <file>rts430x_lc_rd_eabi.lib</file>
         <name>subd.obj</name>
      </input_file>
      <input_file id="fl-89">
         <path>C:\ti\ccsv6\tools\compiler\ti-cgt-msp430_4.4.3\lib\</path>
         <kind>archive</kind>
         <file>rts430x_lc_rd_eabi.lib</file>
         <name>xdint.obj</name>
      </input_file>
      <input_file id="fl-8a">
         <path>C:\ti\ccsv6\tools\compiler\ti-cgt-msp430_4.4.3\lib\</path>
         <kind>archive</kind>
         <file>rts430x_lc_rd_eabi.lib</file>
         <name>xdunscal.obj</name>
      </input_file>
      <input_file id="fl-8b">
         <path>C:\ti\ccsv6\tools\compiler\ti-cgt-msp430_4.4.3\lib\</path>
         <kind>archive</kind>
         <file>rts430x_lc_rd_eabi.lib</file>
         <name>xexp.obj</name>
      </input_file>
      <input_file id="fl-8c">
         <path>C:\ti\ccsv6\tools\compiler\ti-cgt-msp430_4.4.3\lib\</path>
         <kind>archive</kind>
         <file>rts430x_lc_rd_eabi.lib</file>
         <name>xferaise.obj</name>
      </input_file>
      <input_file id="fl-8d">
         <path>C:\ti\ccsv6\tools\compiler\ti-cgt-msp430_4.4.3\lib\</path>
         <kind>archive</kind>
         <file>rts430x_lc_rd_eabi.lib</file>
         <name>xvalues.obj</name>
      </input_file>
      <input_file id="fl-8e">
         <path>C:\ti\ccsv6\tools\compiler\ti-cgt-msp430_4.4.3\lib\</path>
         <kind>archive</kind>
         <file>rts430x_lc_rd_eabi.lib</file>
         <name>_lock.obj</name>
      </input_file>
      <input_file id="fl-8f">
         <path>C:\ti\ccsv6\tools\compiler\ti-cgt-msp430_4.4.3\lib\</path>
         <kind>archive</kind>
         <file>rts430x_lc_rd_eabi.lib</file>
         <name>addd.obj</name>
      </input_file>
      <input_file id="fl-90">
         <path>C:\ti\ccsv6\tools\compiler\ti-cgt-msp430_4.4.3\lib\</path>
         <kind>archive</kind>
         <file>rts430x_lc_rd_eabi.lib</file>
         <name>cmpd.obj</name>
      </input_file>
      <input_file id="fl-91">
         <path>C:\ti\ccsv6\tools\compiler\ti-cgt-msp430_4.4.3\lib\</path>
         <kind>archive</kind>
         <file>rts430x_lc_rd_eabi.lib</file>
         <name>divd.obj</name>
      </input_file>
      <input_file id="fl-92">
         <path>C:\ti\ccsv6\tools\compiler\ti-cgt-msp430_4.4.3\lib\</path>
         <kind>archive</kind>
         <file>rts430x_lc_rd_eabi.lib</file>
         <name>errno.obj</name>
      </input_file>
      <input_file id="fl-93">
         <path>C:\ti\ccsv6\tools\compiler\ti-cgt-msp430_4.4.3\lib\</path>
         <kind>archive</kind>
         <file>rts430x_lc_rd_eabi.lib</file>
         <name>feraiseexcept.obj</name>
      </input_file>
      <input_file id="fl-94">
         <path>C:\ti\ccsv6\tools\compiler\ti-cgt-msp430_4.4.3\lib\</path>
         <kind>archive</kind>
         <file>rts430x_lc_rd_eabi.lib</file>
         <name>fixdi.obj</name>
      </input_file>
      <input_file id="fl-95">
         <path>C:\ti\ccsv6\tools\compiler\ti-cgt-msp430_4.4.3\lib\</path>
         <kind>archive</kind>
         <file>rts430x_lc_rd_eabi.lib</file>
         <name>fixdli.obj</name>
      </input_file>
      <input_file id="fl-96">
         <path>C:\ti\ccsv6\tools\compiler\ti-cgt-msp430_4.4.3\lib\</path>
         <kind>archive</kind>
         <file>rts430x_lc_rd_eabi.lib</file>
         <name>fltid.obj</name>
      </input_file>
      <input_file id="fl-97">
         <path>C:\ti\ccsv6\tools\compiler\ti-cgt-msp430_4.4.3\lib\</path>
         <kind>archive</kind>
         <file>rts430x_lc_rd_eabi.lib</file>
         <name>fltlid.obj</name>
      </input_file>
      <input_file id="fl-98">
         <path>C:\ti\ccsv6\tools\compiler\ti-cgt-msp430_4.4.3\lib\</path>
         <kind>archive</kind>
         <file>rts430x_lc_rd_eabi.lib</file>
         <name>frcaddd.obj</name>
      </input_file>
      <input_file id="fl-99">
         <path>C:\ti\ccsv6\tools\compiler\ti-cgt-msp430_4.4.3\lib\</path>
         <kind>archive</kind>
         <file>rts430x_lc_rd_eabi.lib</file>
         <name>frcdivd.obj</name>
      </input_file>
      <input_file id="fl-9a">
         <path>C:\ti\ccsv6\tools\compiler\ti-cgt-msp430_4.4.3\lib\</path>
         <kind>archive</kind>
         <file>rts430x_lc_rd_eabi.lib</file>
         <name>frcmpyd.obj</name>
      </input_file>
      <input_file id="fl-9b">
         <path>C:\ti\ccsv6\tools\compiler\ti-cgt-msp430_4.4.3\lib\</path>
         <kind>archive</kind>
         <file>rts430x_lc_rd_eabi.lib</file>
         <name>log.obj</name>
      </input_file>
      <input_file id="fl-9c">
         <path>C:\ti\ccsv6\tools\compiler\ti-cgt-msp430_4.4.3\lib\</path>
         <kind>archive</kind>
         <file>rts430x_lc_rd_eabi.lib</file>
         <name>mult16.obj</name>
      </input_file>
      <input_file id="fl-9d">
         <path>C:\ti\ccsv6\tools\compiler\ti-cgt-msp430_4.4.3\lib\</path>
         <kind>archive</kind>
         <file>rts430x_lc_rd_eabi.lib</file>
         <name>mult32.obj</name>
      </input_file>
      <input_file id="fl-9e">
         <path>C:\ti\ccsv6\tools\compiler\ti-cgt-msp430_4.4.3\lib\</path>
         <kind>archive</kind>
         <file>rts430x_lc_rd_eabi.lib</file>
         <name>negd.obj</name>
      </input_file>
      <input_file id="fl-9f">
         <path>C:\ti\ccsv6\tools\compiler\ti-cgt-msp430_4.4.3\lib\</path>
         <kind>archive</kind>
         <file>rts430x_lc_rd_eabi.lib</file>
         <name>raise.obj</name>
      </input_file>
      <input_file id="fl-a0">
         <path>C:\ti\ccsv6\tools\compiler\ti-cgt-msp430_4.4.3\lib\</path>
         <kind>archive</kind>
         <file>rts430x_lc_rd_eabi.lib</file>
         <name>renormd.obj</name>
      </input_file>
      <input_file id="fl-a1">
         <path>C:\ti\ccsv6\tools\compiler\ti-cgt-msp430_4.4.3\lib\</path>
         <kind>archive</kind>
         <file>rts430x_lc_rd_eabi.lib</file>
         <name>signal.obj</name>
      </input_file>
      <input_file id="fl-a2">
         <path>C:\ti\ccsv6\tools\compiler\ti-cgt-msp430_4.4.3\lib\</path>
         <kind>archive</kind>
         <file>rts430x_lc_rd_eabi.lib</file>
         <name>xdnorm.obj</name>
      </input_file>
      <input_file id="fl-a3">
         <path>C:\ti\ccsv6\tools\compiler\ti-cgt-msp430_4.4.3\lib\</path>
         <kind>archive</kind>
         <file>rts430x_lc_rd_eabi.lib</file>
         <name>xdscale.obj</name>
      </input_file>
      <input_file id="fl-a4">
         <path>C:\ti\ccsv6\tools\compiler\ti-cgt-msp430_4.4.3\lib\</path>
         <kind>archive</kind>
         <file>rts430x_lc_rd_eabi.lib</file>
         <name>xlog.obj</name>
      </input_file>
      <input_file id="fl-a5">
         <path>C:\ti\ccsv6\tools\compiler\ti-cgt-msp430_4.4.3\lib\</path>
         <kind>archive</kind>
         <file>rts430x_lc_rd_eabi.lib</file>
         <name>asr32.obj</name>
      </input_file>
      <input_file id="fl-a6">
         <path>C:\ti\ccsv6\tools\compiler\ti-cgt-msp430_4.4.3\lib\</path>
         <kind>archive</kind>
         <file>rts430x_lc_rd_eabi.lib</file>
         <name>cvtfd.obj</name>
      </input_file>
      <input_file id="fl-a7">
         <path>C:\ti\ccsv6\tools\compiler\ti-cgt-msp430_4.4.3\lib\</path>
         <kind>archive</kind>
         <file>rts430x_lc_rd_eabi.lib</file>
         <name>lsl16.obj</name>
      </input_file>
      <input_file id="fl-a8">
         <path>C:\ti\ccsv6\tools\compiler\ti-cgt-msp430_4.4.3\lib\</path>
         <kind>archive</kind>
         <file>rts430x_lc_rd_eabi.lib</file>
         <name>lsr16.obj</name>
      </input_file>
      <input_file id="fl-a9">
         <path>C:\ti\ccsv6\tools\compiler\ti-cgt-msp430_4.4.3\lib\</path>
         <kind>archive</kind>
         <file>rts430x_lc_rd_eabi.lib</file>
         <name>xfvalues.obj</name>
      </input_file>
   </input_file_list>
   <object_component_list>
      <object_component id="oc-5e0">
         <name>.cinit..data.load</name>
         <load_address>0xc200</load_address>
         <run_address>0xc200</run_address>
         <size>0x1b0</size>
      </object_component>
      <object_component id="oc-5dd">
         <name>__TI_handler_table</name>
         <load_address>0xc3b2</load_address>
         <run_address>0xc3b2</run_address>
         <size>0xc</size>
      </object_component>
      <object_component id="oc-5df">
         <name>.cinit..bss.load</name>
         <load_address>0xc3be</load_address>
         <run_address>0xc3be</run_address>
         <size>0x6</size>
      </object_component>
      <object_component id="oc-5de">
         <name>__TI_cinit_table</name>
         <load_address>0xc3c4</load_address>
         <run_address>0xc3c4</run_address>
         <size>0x10</size>
      </object_component>
      <object_component id="oc-51e">
         <name>.const:p</name>
         <load_address>0xc3d4</load_address>
         <run_address>0xc3d4</run_address>
         <size>0x38</size>
         <input_file_ref idref="fl-a4"/>
      </object_component>
      <object_component id="oc-48b">
         <name>.const:mask$1</name>
         <load_address>0xc40c</load_address>
         <run_address>0xc40c</run_address>
         <size>0x20</size>
         <input_file_ref idref="fl-89"/>
      </object_component>
      <object_component id="oc-4c4">
         <name>.const:s</name>
         <load_address>0xc42c</load_address>
         <run_address>0xc42c</run_address>
         <size>0x18</size>
         <input_file_ref idref="fl-8b"/>
      </object_component>
      <object_component id="oc-4c7">
         <name>.const:c</name>
         <load_address>0xc444</load_address>
         <run_address>0xc444</run_address>
         <size>0x10</size>
         <input_file_ref idref="fl-8b"/>
      </object_component>
      <object_component id="oc-298">
         <name>.const</name>
         <load_address>0xc454</load_address>
         <run_address>0xc454</run_address>
         <size>0xc</size>
         <input_file_ref idref="fl-1b"/>
      </object_component>
      <object_component id="oc-48c">
         <name>.const:sub$2</name>
         <load_address>0xc460</load_address>
         <run_address>0xc460</run_address>
         <size>0x8</size>
         <input_file_ref idref="fl-89"/>
      </object_component>
      <object_component id="oc-34f">
         <name>.const</name>
         <load_address>0xc468</load_address>
         <run_address>0xc468</run_address>
         <size>0x4</size>
         <input_file_ref idref="fl-5"/>
      </object_component>
      <object_component id="oc-371">
         <name>.text:pow</name>
         <load_address>0xc600</load_address>
         <run_address>0xc600</run_address>
         <size>0x68a</size>
         <input_file_ref idref="fl-87"/>
      </object_component>
      <object_component id="oc-4bc">
         <name>.text:__TI_frcdivd</name>
         <load_address>0xcc8a</load_address>
         <run_address>0xcc8a</run_address>
         <size>0x452</size>
         <input_file_ref idref="fl-99"/>
      </object_component>
      <object_component id="oc-4b5">
         <name>.text:_Log</name>
         <load_address>0xd0dc</load_address>
         <run_address>0xd0dc</run_address>
         <size>0x420</size>
         <input_file_ref idref="fl-a4"/>
      </object_component>
      <object_component id="oc-439">
         <name>.text:_Exp</name>
         <load_address>0xd4fc</load_address>
         <run_address>0xd4fc</run_address>
         <size>0x388</size>
         <input_file_ref idref="fl-8b"/>
      </object_component>
      <object_component id="oc-441">
         <name>.text:__TI_frcmpyd</name>
         <load_address>0xd884</load_address>
         <run_address>0xd884</run_address>
         <size>0x2e4</size>
         <input_file_ref idref="fl-9a"/>
      </object_component>
      <object_component id="oc-409">
         <name>.text:__mspabi_addd</name>
         <load_address>0xdb68</load_address>
         <run_address>0xdb68</run_address>
         <size>0x2d8</size>
         <input_file_ref idref="fl-8f"/>
      </object_component>
      <object_component id="oc-377">
         <name>.text:__mspabi_mpyd</name>
         <load_address>0xde40</load_address>
         <run_address>0xde40</run_address>
         <size>0x282</size>
         <input_file_ref idref="fl-81"/>
      </object_component>
      <object_component id="oc-4a2">
         <name>.text:__TI_frcaddd</name>
         <load_address>0xe0c2</load_address>
         <run_address>0xe0c2</run_address>
         <size>0x252</size>
         <input_file_ref idref="fl-98"/>
      </object_component>
      <object_component id="oc-433">
         <name>.text:__mspabi_divd</name>
         <load_address>0xe314</load_address>
         <run_address>0xe314</run_address>
         <size>0x222</size>
         <input_file_ref idref="fl-91"/>
      </object_component>
      <object_component id="oc-4ca">
         <name>.text:_Dscale</name>
         <load_address>0xe536</load_address>
         <run_address>0xe536</run_address>
         <size>0x19e</size>
         <input_file_ref idref="fl-a3"/>
      </object_component>
      <object_component id="oc-483">
         <name>.text:_Dnorm</name>
         <load_address>0xe6d4</load_address>
         <run_address>0xe6d4</run_address>
         <size>0x100</size>
         <input_file_ref idref="fl-a2"/>
      </object_component>
      <object_component id="oc-1ea">
         <name>.text:EUSCI_B0_graceInit</name>
         <load_address>0xe7d4</load_address>
         <run_address>0xe7d4</run_address>
         <size>0xf6</size>
         <input_file_ref idref="fl-1b"/>
      </object_component>
      <object_component id="oc-3f4">
         <name>.text:__mspabi_cmpd</name>
         <load_address>0xe8ca</load_address>
         <run_address>0xe8ca</run_address>
         <size>0xd8</size>
         <input_file_ref idref="fl-90"/>
      </object_component>
      <object_component id="oc-3ee">
         <name>.text:_Dint</name>
         <load_address>0xe9a2</load_address>
         <run_address>0xe9a2</run_address>
         <size>0xcc</size>
         <input_file_ref idref="fl-89"/>
      </object_component>
      <object_component id="oc-352">
         <name>.text</name>
         <load_address>0xea6e</load_address>
         <run_address>0xea6e</run_address>
         <size>0xb6</size>
         <input_file_ref idref="fl-61"/>
      </object_component>
      <object_component id="oc-508">
         <name>.text:__TI_renormd</name>
         <load_address>0xeb24</load_address>
         <run_address>0xeb24</run_address>
         <size>0xb2</size>
         <input_file_ref idref="fl-a0"/>
      </object_component>
      <object_component id="oc-41b">
         <name>.text:__mspabi_fltlid</name>
         <load_address>0xebd6</load_address>
         <run_address>0xebd6</run_address>
         <size>0x94</size>
         <input_file_ref idref="fl-97"/>
      </object_component>
      <object_component id="oc-216">
         <name>.text:measureTMP112</name>
         <load_address>0xec6a</load_address>
         <run_address>0xec6a</run_address>
         <size>0x94</size>
         <input_file_ref idref="fl-5"/>
      </object_component>
      <object_component id="oc-222">
         <name>.text:measureLight</name>
         <load_address>0xecfe</load_address>
         <run_address>0xecfe</run_address>
         <size>0x90</size>
         <input_file_ref idref="fl-6"/>
      </object_component>
      <object_component id="oc-37d">
         <name>.text:__mspabi_cvtdf</name>
         <load_address>0xed8e</load_address>
         <run_address>0xed8e</run_address>
         <size>0x8c</size>
         <input_file_ref idref="fl-59"/>
      </object_component>
      <object_component id="oc-1de">
         <name>.text:PinMux_graceInit</name>
         <load_address>0xee1a</load_address>
         <run_address>0xee1a</run_address>
         <size>0x7e</size>
         <input_file_ref idref="fl-19"/>
      </object_component>
      <object_component id="oc-228">
         <name>.text:calculateLight</name>
         <load_address>0xee98</load_address>
         <run_address>0xee98</run_address>
         <size>0x7e</size>
         <input_file_ref idref="fl-6"/>
      </object_component>
      <object_component id="oc-1f0">
         <name>.text:ADC10_B_graceInit</name>
         <load_address>0xef16</load_address>
         <run_address>0xef16</run_address>
         <size>0x7c</size>
         <input_file_ref idref="fl-25"/>
      </object_component>
      <object_component id="oc-3e1">
         <name>.text:__mspabi_fltuld</name>
         <load_address>0xef92</load_address>
         <run_address>0xef92</run_address>
         <size>0x76</size>
         <input_file_ref idref="fl-60"/>
      </object_component>
      <object_component id="oc-3e8">
         <name>.text:_Dunscale</name>
         <load_address>0xf008</load_address>
         <run_address>0xf008</run_address>
         <size>0x72</size>
         <input_file_ref idref="fl-8a"/>
      </object_component>
      <object_component id="oc-10c">
         <name>.text:_auto_init_hold_wdt</name>
         <load_address>0xf07a</load_address>
         <run_address>0xf07a</run_address>
         <size>0x70</size>
         <input_file_ref idref="fl-16"/>
      </object_component>
      <object_component id="oc-e7">
         <name>.text:__TI_decompress_rle_core</name>
         <load_address>0xf0ea</load_address>
         <run_address>0xf0ea</run_address>
         <size>0x68</size>
         <input_file_ref idref="fl-57"/>
      </object_component>
      <object_component id="oc-28b">
         <name>.text:CS_initClockSignal</name>
         <load_address>0xf152</load_address>
         <run_address>0xf152</run_address>
         <size>0x66</size>
         <input_file_ref idref="fl-20"/>
      </object_component>
      <object_component id="oc-415">
         <name>.text:__mspabi_fixdli</name>
         <load_address>0xf1b8</load_address>
         <run_address>0xf1b8</run_address>
         <size>0x66</size>
         <input_file_ref idref="fl-95"/>
      </object_component>
      <object_component id="oc-518">
         <name>.text:__mspabi_cvtfd</name>
         <load_address>0xf21e</load_address>
         <run_address>0xf21e</run_address>
         <size>0x64</size>
         <input_file_ref idref="fl-a6"/>
      </object_component>
      <object_component id="oc-29b">
         <name>.text:EUSCI_B_I2C_initMaster</name>
         <load_address>0xf282</load_address>
         <run_address>0xf282</run_address>
         <size>0x60</size>
         <input_file_ref idref="fl-21"/>
      </object_component>
      <object_component id="oc-230">
         <name>.text:voltageReferenceSelector</name>
         <load_address>0xf2e2</load_address>
         <run_address>0xf2e2</run_address>
         <size>0x60</size>
         <input_file_ref idref="fl-7"/>
      </object_component>
      <object_component id="oc-35d">
         <name>.text:EUSCI_B_I2C_masterSendSingleByte</name>
         <load_address>0xf342</load_address>
         <run_address>0xf342</run_address>
         <size>0x5c</size>
         <input_file_ref idref="fl-21"/>
      </object_component>
      <object_component id="oc-236">
         <name>.text:measureVoltages</name>
         <load_address>0xf39e</load_address>
         <run_address>0xf39e</run_address>
         <size>0x58</size>
         <input_file_ref idref="fl-7"/>
      </object_component>
      <object_component id="oc-3b5">
         <name>.text</name>
         <load_address>0xf3f6</load_address>
         <run_address>0xf3f6</run_address>
         <size>0x58</size>
         <input_file_ref idref="fl-5d"/>
      </object_component>
      <object_component id="oc-21c">
         <name>.text:calculateTMP112</name>
         <load_address>0xf44e</load_address>
         <run_address>0xf44e</run_address>
         <size>0x50</size>
         <input_file_ref idref="fl-5"/>
      </object_component>
      <object_component id="oc-184">
         <name>.text:adquisitionVoltages</name>
         <load_address>0xf49e</load_address>
         <run_address>0xf49e</run_address>
         <size>0x4e</size>
         <input_file_ref idref="fl-2"/>
      </object_component>
      <object_component id="oc-2bf">
         <name>.text:ADC10_B_init</name>
         <load_address>0xf4ec</load_address>
         <run_address>0xf4ec</run_address>
         <size>0x4c</size>
         <input_file_ref idref="fl-1f"/>
      </object_component>
      <object_component id="oc-17d">
         <name>.text:measureSensors</name>
         <load_address>0xf538</load_address>
         <run_address>0xf538</run_address>
         <size>0x42</size>
         <input_file_ref idref="fl-4"/>
      </object_component>
      <object_component id="oc-312">
         <name>.text:EUSCI_B_I2C_masterSendMultiByteStart</name>
         <load_address>0xf57a</load_address>
         <run_address>0xf57a</run_address>
         <size>0x40</size>
         <input_file_ref idref="fl-21"/>
      </object_component>
      <object_component id="oc-38d">
         <name>.text:voltageAdquisitionMeasure</name>
         <load_address>0xf5ba</load_address>
         <run_address>0xf5ba</run_address>
         <size>0x40</size>
         <input_file_ref idref="fl-7"/>
      </object_component>
      <object_component id="oc-23c">
         <name>.text:voltagesCalculation</name>
         <load_address>0xf5fa</load_address>
         <run_address>0xf5fa</run_address>
         <size>0x40</size>
         <input_file_ref idref="fl-7"/>
      </object_component>
      <object_component id="oc-4d9">
         <name>.text:l_asr_const</name>
         <load_address>0xf63a</load_address>
         <run_address>0xf63a</run_address>
         <size>0x3e</size>
         <input_file_ref idref="fl-a5"/>
      </object_component>
      <object_component id="oc-44e">
         <name>.text:l_lsl_const</name>
         <load_address>0xf678</load_address>
         <run_address>0xf678</run_address>
         <size>0x3e</size>
         <input_file_ref idref="fl-7d"/>
      </object_component>
      <object_component id="oc-47c">
         <name>.text:l_lsr_const</name>
         <load_address>0xf6b6</load_address>
         <run_address>0xf6b6</run_address>
         <size>0x3e</size>
         <input_file_ref idref="fl-7e"/>
      </object_component>
      <object_component id="oc-1e4">
         <name>.text:CS_graceInit</name>
         <load_address>0xf6f4</load_address>
         <run_address>0xf6f4</run_address>
         <size>0x38</size>
         <input_file_ref idref="fl-1a"/>
      </object_component>
      <object_component id="oc-54c">
         <name>.text:signal</name>
         <load_address>0xf72c</load_address>
         <run_address>0xf72c</run_address>
         <size>0x38</size>
         <input_file_ref idref="fl-a1"/>
      </object_component>
      <object_component id="oc-3fa">
         <name>.text:_Feraise</name>
         <load_address>0xf764</load_address>
         <run_address>0xf764</run_address>
         <size>0x36</size>
         <input_file_ref idref="fl-8c"/>
      </object_component>
      <object_component id="oc-490">
         <name>.text:feraiseexcept</name>
         <load_address>0xf79a</load_address>
         <run_address>0xf79a</run_address>
         <size>0x34</size>
         <input_file_ref idref="fl-93"/>
      </object_component>
      <object_component id="oc-421">
         <name>.text:__mspabi_subd</name>
         <load_address>0xf7ce</load_address>
         <run_address>0xf7ce</run_address>
         <size>0x32</size>
         <input_file_ref idref="fl-88"/>
      </object_component>
      <object_component id="oc-4f5">
         <name>.text:raise</name>
         <load_address>0xf800</load_address>
         <run_address>0xf800</run_address>
         <size>0x32</size>
         <input_file_ref idref="fl-9f"/>
      </object_component>
      <object_component id="oc-291">
         <name>.text:CS_clearAllOscFlagsWithTimeout</name>
         <load_address>0xf832</load_address>
         <run_address>0xf832</run_address>
         <size>0x2e</size>
         <input_file_ref idref="fl-20"/>
      </object_component>
      <object_component id="oc-403">
         <name>.text:__mspabi_negd</name>
         <load_address>0xf860</load_address>
         <run_address>0xf860</run_address>
         <size>0x2e</size>
         <input_file_ref idref="fl-9e"/>
      </object_component>
      <object_component id="oc-3a7">
         <name>.text:binaryVoltageToDecimalVoltage</name>
         <load_address>0xf88e</load_address>
         <run_address>0xf88e</run_address>
         <size>0x2e</size>
         <input_file_ref idref="fl-7"/>
      </object_component>
      <object_component id="oc-173">
         <name>.text:Grace_init</name>
         <load_address>0xf8bc</load_address>
         <run_address>0xf8bc</run_address>
         <size>0x2a</size>
         <input_file_ref idref="fl-18"/>
      </object_component>
      <object_component id="oc-456">
         <name>.text:ADC10_B_disableConversions</name>
         <load_address>0xf8e6</load_address>
         <run_address>0xf8e6</run_address>
         <size>0x28</size>
         <input_file_ref idref="fl-1f"/>
      </object_component>
      <object_component id="oc-427">
         <name>.text:__mspabi_fixdi</name>
         <load_address>0xf90e</load_address>
         <run_address>0xf90e</run_address>
         <size>0x28</size>
         <input_file_ref idref="fl-94"/>
      </object_component>
      <object_component id="oc-af">
         <name>.text:_isr:_c_int00_noargs_noexit</name>
         <load_address>0xf936</load_address>
         <run_address>0xf936</run_address>
         <size>0x26</size>
         <input_file_ref idref="fl-14"/>
      </object_component>
      <object_component id="oc-330">
         <name>.text:EUSCI_B_I2C_masterReceiveMultiByteFinish</name>
         <load_address>0xf95c</load_address>
         <run_address>0xf95c</run_address>
         <size>0x24</size>
         <input_file_ref idref="fl-21"/>
      </object_component>
      <object_component id="oc-91">
         <name>.text:decompress:ZI:__TI_zero_init</name>
         <load_address>0xf980</load_address>
         <run_address>0xf980</run_address>
         <size>0x24</size>
         <input_file_ref idref="fl-58"/>
      </object_component>
      <object_component id="oc-34a">
         <name>.text</name>
         <load_address>0xf9a4</load_address>
         <run_address>0xf9a4</run_address>
         <size>0x24</size>
         <input_file_ref idref="fl-63"/>
      </object_component>
      <object_component id="oc-363">
         <name>.text:EUSCI_B_I2C_masterReceiveSingleByte</name>
         <load_address>0xf9c8</load_address>
         <run_address>0xf9c8</run_address>
         <size>0x22</size>
         <input_file_ref idref="fl-21"/>
      </object_component>
      <object_component id="oc-4d4">
         <name>.text</name>
         <load_address>0xf9ea</load_address>
         <run_address>0xf9ea</run_address>
         <size>0x22</size>
         <input_file_ref idref="fl-85"/>
      </object_component>
      <object_component id="oc-305">
         <name>.text:WDT_A_hold</name>
         <load_address>0xfa0c</load_address>
         <run_address>0xfa0c</run_address>
         <size>0x20</size>
         <input_file_ref idref="fl-24"/>
      </object_component>
      <object_component id="oc-1f6">
         <name>.text:REF_graceInit</name>
         <load_address>0xfa2c</load_address>
         <run_address>0xfa2c</run_address>
         <size>0x1c</size>
         <input_file_ref idref="fl-26"/>
      </object_component>
      <object_component id="oc-12c">
         <name>.text:main</name>
         <load_address>0xfa48</load_address>
         <run_address>0xfa48</run_address>
         <size>0x1c</size>
         <input_file_ref idref="fl-3"/>
      </object_component>
      <object_component id="oc-2cb">
         <name>.text:ADC10_B_setupSamplingTimer</name>
         <load_address>0xfa64</load_address>
         <run_address>0xfa64</run_address>
         <size>0x1a</size>
         <input_file_ref idref="fl-1f"/>
      </object_component>
      <object_component id="oc-45c">
         <name>.text:ADC10_B_startConversion</name>
         <load_address>0xfa7e</load_address>
         <run_address>0xfa7e</run_address>
         <size>0x18</size>
         <input_file_ref idref="fl-1f"/>
      </object_component>
      <object_component id="oc-2d7">
         <name>.text:ADC10_B_setSampleHoldSignalInversion</name>
         <load_address>0xfa96</load_address>
         <run_address>0xfa96</run_address>
         <size>0x16</size>
         <input_file_ref idref="fl-1f"/>
      </object_component>
      <object_component id="oc-523">
         <name>.text</name>
         <load_address>0xfaac</load_address>
         <run_address>0xfaac</run_address>
         <size>0x16</size>
         <input_file_ref idref="fl-83"/>
      </object_component>
      <object_component id="oc-2dd">
         <name>.text:ADC10_B_setDataReadBackFormat</name>
         <load_address>0xfac2</load_address>
         <run_address>0xfac2</run_address>
         <size>0x14</size>
         <input_file_ref idref="fl-1f"/>
      </object_component>
      <object_component id="oc-2e3">
         <name>.text:ADC10_B_setReferenceBufferSamplingRate</name>
         <load_address>0xfad6</load_address>
         <run_address>0xfad6</run_address>
         <size>0x14</size>
         <input_file_ref idref="fl-1f"/>
      </object_component>
      <object_component id="oc-da">
         <name>.text:memcpy</name>
         <load_address>0xfaea</load_address>
         <run_address>0xfaea</run_address>
         <size>0x14</size>
         <input_file_ref idref="fl-7f"/>
      </object_component>
      <object_component id="oc-285">
         <name>.text:CS_setDCOFreq</name>
         <load_address>0xfafe</load_address>
         <run_address>0xfafe</run_address>
         <size>0x12</size>
         <input_file_ref idref="fl-20"/>
      </object_component>
      <object_component id="oc-6d">
         <name>.text:decompress:none:__TI_decompress_none</name>
         <load_address>0xfb10</load_address>
         <run_address>0xfb10</run_address>
         <size>0x12</size>
         <input_file_ref idref="fl-56"/>
      </object_component>
      <object_component id="oc-503">
         <name>.text:l_asr</name>
         <load_address>0xfb22</load_address>
         <run_address>0xfb22</run_address>
         <size>0x10</size>
         <input_file_ref idref="fl-a5"/>
      </object_component>
      <object_component id="oc-4fe">
         <name>.text:l_lsl</name>
         <load_address>0xfb32</load_address>
         <run_address>0xfb32</run_address>
         <size>0x10</size>
         <input_file_ref idref="fl-7d"/>
      </object_component>
      <object_component id="oc-4ab">
         <name>.text:l_lsr</name>
         <load_address>0xfb42</load_address>
         <run_address>0xfb42</run_address>
         <size>0x10</size>
         <input_file_ref idref="fl-7e"/>
      </object_component>
      <object_component id="oc-2d1">
         <name>.text:ADC10_B_configureMemory</name>
         <load_address>0xfb52</load_address>
         <run_address>0xfb52</run_address>
         <size>0xe</size>
         <input_file_ref idref="fl-1f"/>
      </object_component>
      <object_component id="oc-2e9">
         <name>.text:ADC10_B_disableInterrupt</name>
         <load_address>0xfb60</load_address>
         <run_address>0xfb60</run_address>
         <size>0xe</size>
         <input_file_ref idref="fl-1f"/>
      </object_component>
      <object_component id="oc-2a1">
         <name>.text:EUSCI_B_I2C_setMode</name>
         <load_address>0xfb6e</load_address>
         <run_address>0xfb6e</run_address>
         <size>0xe</size>
         <input_file_ref idref="fl-21"/>
      </object_component>
      <object_component id="oc-42d">
         <name>.text:log</name>
         <load_address>0xfb7c</load_address>
         <run_address>0xfb7c</run_address>
         <size>0xe</size>
         <input_file_ref idref="fl-9b"/>
      </object_component>
      <object_component id="oc-344">
         <name>.text:signedByteCheker</name>
         <load_address>0xfb8a</load_address>
         <run_address>0xfb8a</run_address>
         <size>0xe</size>
         <input_file_ref idref="fl-5"/>
      </object_component>
      <object_component id="oc-2b3">
         <name>.text:EUSCI_B_I2C_disableInterrupt</name>
         <load_address>0xfb98</load_address>
         <run_address>0xfb98</run_address>
         <size>0xc</size>
         <input_file_ref idref="fl-21"/>
      </object_component>
      <object_component id="oc-33c">
         <name>.text:EUSCI_B_I2C_isBusBusy</name>
         <load_address>0xfba4</load_address>
         <run_address>0xfba4</run_address>
         <size>0xc</size>
         <input_file_ref idref="fl-21"/>
      </object_component>
      <object_component id="oc-324">
         <name>.text:EUSCI_B_I2C_masterReceiveStart</name>
         <load_address>0xfbb0</load_address>
         <run_address>0xfbb0</run_address>
         <size>0xc</size>
         <input_file_ref idref="fl-21"/>
      </object_component>
      <object_component id="oc-2a7">
         <name>.text:EUSCI_B_I2C_setSlaveAddress</name>
         <load_address>0xfbbc</load_address>
         <run_address>0xfbbc</run_address>
         <size>0xc</size>
         <input_file_ref idref="fl-21"/>
      </object_component>
      <object_component id="oc-2f0">
         <name>.text:Ref_setReferenceVoltage</name>
         <load_address>0xfbc8</load_address>
         <run_address>0xfbc8</run_address>
         <size>0xc</size>
         <input_file_ref idref="fl-23"/>
      </object_component>
      <object_component id="oc-40f">
         <name>.text:__mspabi_fltid</name>
         <load_address>0xfbd4</load_address>
         <run_address>0xfbd4</run_address>
         <size>0xc</size>
         <input_file_ref idref="fl-96"/>
      </object_component>
      <object_component id="oc-100">
         <name>.text:.bootCodeSection:ti_catalog_msp430_init_Boot_init</name>
         <load_address>0xfbe0</load_address>
         <run_address>0xfbe0</run_address>
         <size>0xa</size>
         <input_file_ref idref="fl-b"/>
      </object_component>
      <object_component id="oc-399">
         <name>.text:ADC10_B_disableReferenceBurst</name>
         <load_address>0xfbea</load_address>
         <run_address>0xfbea</run_address>
         <size>0xa</size>
         <input_file_ref idref="fl-1f"/>
      </object_component>
      <object_component id="oc-387">
         <name>.text:ADC10_B_enableReferenceBurst</name>
         <load_address>0xfbf4</load_address>
         <run_address>0xfbf4</run_address>
         <size>0xa</size>
         <input_file_ref idref="fl-1f"/>
      </object_component>
      <object_component id="oc-32a">
         <name>.text:EUSCI_B_I2C_masterReceiveMultiByteNext</name>
         <load_address>0xfbfe</load_address>
         <run_address>0xfbfe</run_address>
         <size>0xa</size>
         <input_file_ref idref="fl-21"/>
      </object_component>
      <object_component id="oc-208">
         <name>.text:WDT_A_graceInit</name>
         <load_address>0xfc08</load_address>
         <run_address>0xfc08</run_address>
         <size>0xa</size>
         <input_file_ref idref="fl-1e"/>
      </object_component>
      <object_component id="oc-357">
         <name>.text</name>
         <load_address>0xfc12</load_address>
         <run_address>0xfc12</run_address>
         <size>0xa</size>
         <input_file_ref idref="fl-62"/>
      </object_component>
      <object_component id="oc-535">
         <name>.text</name>
         <load_address>0xfc1c</load_address>
         <run_address>0xfc1c</run_address>
         <size>0xa</size>
         <input_file_ref idref="fl-a7"/>
      </object_component>
      <object_component id="oc-530">
         <name>.text</name>
         <load_address>0xfc26</load_address>
         <run_address>0xfc26</run_address>
         <size>0xa</size>
         <input_file_ref idref="fl-a8"/>
      </object_component>
      <object_component id="oc-158">
         <name>.text:.bootCodeSection:ti_catalog_msp430_init_Boot_disableWatchdog</name>
         <load_address>0xfc30</load_address>
         <run_address>0xfc30</run_address>
         <size>0x8</size>
         <input_file_ref idref="fl-17"/>
      </object_component>
      <object_component id="oc-393">
         <name>.text:ADC10_B_disable</name>
         <load_address>0xfc38</load_address>
         <run_address>0xfc38</run_address>
         <size>0x8</size>
         <input_file_ref idref="fl-1f"/>
      </object_component>
      <object_component id="oc-2c5">
         <name>.text:ADC10_B_enable</name>
         <load_address>0xfc40</load_address>
         <run_address>0xfc40</run_address>
         <size>0x8</size>
         <input_file_ref idref="fl-1f"/>
      </object_component>
      <object_component id="oc-468">
         <name>.text:ADC10_B_getResults</name>
         <load_address>0xfc48</load_address>
         <run_address>0xfc48</run_address>
         <size>0x8</size>
         <input_file_ref idref="fl-1f"/>
      </object_component>
      <object_component id="oc-462">
         <name>.text:ADC10_B_isBusy</name>
         <load_address>0xfc50</load_address>
         <run_address>0xfc50</run_address>
         <size>0x8</size>
         <input_file_ref idref="fl-1f"/>
      </object_component>
      <object_component id="oc-318">
         <name>.text:EUSCI_B_I2C_masterIsStartSent</name>
         <load_address>0xfc58</load_address>
         <run_address>0xfc58</run_address>
         <size>0x8</size>
         <input_file_ref idref="fl-21"/>
      </object_component>
      <object_component id="oc-336">
         <name>.text:EUSCI_B_I2C_masterIsStopSent</name>
         <load_address>0xfc60</load_address>
         <run_address>0xfc60</run_address>
         <size>0x8</size>
         <input_file_ref idref="fl-21"/>
      </object_component>
      <object_component id="oc-202">
         <name>.text:System_graceInit</name>
         <load_address>0xfc68</load_address>
         <run_address>0xfc68</run_address>
         <size>0x8</size>
         <input_file_ref idref="fl-1d"/>
      </object_component>
      <object_component id="oc-30c">
         <name>.text:EUSCI_B_I2C_disable</name>
         <load_address>0xfc70</load_address>
         <run_address>0xfc70</run_address>
         <size>0x6</size>
         <input_file_ref idref="fl-21"/>
      </object_component>
      <object_component id="oc-2ad">
         <name>.text:EUSCI_B_I2C_enable</name>
         <load_address>0xfc76</load_address>
         <run_address>0xfc76</run_address>
         <size>0x6</size>
         <input_file_ref idref="fl-21"/>
      </object_component>
      <object_component id="oc-31e">
         <name>.text:EUSCI_B_I2C_masterReceiveMultiByteStop</name>
         <load_address>0xfc7c</load_address>
         <run_address>0xfc7c</run_address>
         <size>0x6</size>
         <input_file_ref idref="fl-21"/>
      </object_component>
      <object_component id="oc-39f">
         <name>.text:Ref_disableReferenceVoltage</name>
         <load_address>0xfc82</load_address>
         <run_address>0xfc82</run_address>
         <size>0x6</size>
         <input_file_ref idref="fl-23"/>
      </object_component>
      <object_component id="oc-2fc">
         <name>.text:Ref_disableTempSensor</name>
         <load_address>0xfc88</load_address>
         <run_address>0xfc88</run_address>
         <size>0x6</size>
         <input_file_ref idref="fl-23"/>
      </object_component>
      <object_component id="oc-2f6">
         <name>.text:Ref_enableReferenceVoltage</name>
         <load_address>0xfc8e</load_address>
         <run_address>0xfc8e</run_address>
         <size>0x6</size>
         <input_file_ref idref="fl-23"/>
      </object_component>
      <object_component id="oc-36b">
         <name>.text:__mspabi_fltud</name>
         <load_address>0xfc94</load_address>
         <run_address>0xfc94</run_address>
         <size>0x6</size>
         <input_file_ref idref="fl-5f"/>
      </object_component>
      <object_component id="oc-f4">
         <name>.text:_isr:__TI_ISR_TRAP</name>
         <load_address>0xfc9a</load_address>
         <run_address>0xfc9a</run_address>
         <size>0x6</size>
         <input_file_ref idref="fl-7c"/>
      </object_component>
      <object_component id="oc-73">
         <name>.text:decompress:rle24:__TI_decompress_rle24</name>
         <load_address>0xfca0</load_address>
         <run_address>0xfca0</run_address>
         <size>0x6</size>
         <input_file_ref idref="fl-57"/>
      </object_component>
      <object_component id="oc-106">
         <name>.text:_system_pre_init</name>
         <load_address>0xfca6</load_address>
         <run_address>0xfca6</run_address>
         <size>0x4</size>
         <input_file_ref idref="fl-15"/>
      </object_component>
      <object_component id="oc-125">
         <name>.text:abort</name>
         <load_address>0xfcaa</load_address>
         <run_address>0xfcaa</run_address>
         <size>0x4</size>
         <input_file_ref idref="fl-5e"/>
      </object_component>
      <object_component id="oc-1fc">
         <name>.text:InterruptVectors_graceInit</name>
         <load_address>0xfcae</load_address>
         <run_address>0xfcae</run_address>
         <size>0x2</size>
         <input_file_ref idref="fl-1c"/>
      </object_component>
      <object_component id="oc-1d1">
         <name>.text:_nop</name>
         <load_address>0xfcb0</load_address>
         <run_address>0xfcb0</run_address>
         <size>0x2</size>
         <input_file_ref idref="fl-8e"/>
      </object_component>
      <object_component id="oc-179">
         <name>.common:light</name>
         <uninitialized>true</uninitialized>
         <run_address>0x1db6</run_address>
         <size>0x4</size>
      </object_component>
      <object_component id="oc-17c">
         <name>.common:temperature</name>
         <uninitialized>true</uninitialized>
         <run_address>0x1dba</run_address>
         <size>0x4</size>
      </object_component>
      <object_component id="oc-183">
         <name>.common:voltages</name>
         <uninitialized>true</uninitialized>
         <run_address>0x1daa</run_address>
         <size>0xc</size>
      </object_component>
      <object_component id="oc-400">
         <name>.data</name>
         <load_address>0x1cb0</load_address>
         <run_address>0x1cb0</run_address>
         <size>0x80</size>
         <input_file_ref idref="fl-8d"/>
      </object_component>
      <object_component id="oc-169">
         <name>.data:_lock</name>
         <load_address>0x1da0</load_address>
         <run_address>0x1da0</run_address>
         <size>0x4</size>
         <input_file_ref idref="fl-8e"/>
      </object_component>
      <object_component id="oc-16c">
         <name>.data:_unlock</name>
         <load_address>0x1da4</load_address>
         <run_address>0x1da4</run_address>
         <size>0x4</size>
         <input_file_ref idref="fl-8e"/>
      </object_component>
      <object_component id="oc-496">
         <name>.data</name>
         <load_address>0x1da8</load_address>
         <run_address>0x1da8</run_address>
         <size>0x2</size>
         <input_file_ref idref="fl-92"/>
      </object_component>
      <object_component id="oc-4f2">
         <name>.data</name>
         <load_address>0x1d98</load_address>
         <run_address>0x1d98</run_address>
         <size>0x8</size>
         <input_file_ref idref="fl-93"/>
      </object_component>
      <object_component id="oc-56f">
         <name>.data:sigtable</name>
         <load_address>0x1c00</load_address>
         <run_address>0x1c00</run_address>
         <size>0xb0</size>
         <input_file_ref idref="fl-a1"/>
      </object_component>
      <object_component id="oc-515">
         <name>.data</name>
         <load_address>0x1d30</load_address>
         <run_address>0x1d30</run_address>
         <size>0x68</size>
         <input_file_ref idref="fl-a9"/>
      </object_component>
      <object_component id="oc-d6">
         <name>.stack</name>
         <uninitialized>true</uninitialized>
         <run_address>0x1fc0</run_address>
         <size>0x4</size>
         <input_file_ref idref="fl-13"/>
      </object_component>
      <object_component id="oc-5e1">
         <name>.stack</name>
         <uninitialized>true</uninitialized>
         <run_address>0x1fc0</run_address>
         <size>0x0</size>
      </object_component>
      <object_component id="oc-79">
         <name>.int31</name>
         <load_address>0xffce</load_address>
         <run_address>0xffce</run_address>
         <size>0x2</size>
         <input_file_ref idref="fl-64"/>
      </object_component>
      <object_component id="oc-7a">
         <name>.int32</name>
         <load_address>0xffd0</load_address>
         <run_address>0xffd0</run_address>
         <size>0x2</size>
         <input_file_ref idref="fl-65"/>
      </object_component>
      <object_component id="oc-7b">
         <name>.int33</name>
         <load_address>0xffd2</load_address>
         <run_address>0xffd2</run_address>
         <size>0x2</size>
         <input_file_ref idref="fl-66"/>
      </object_component>
      <object_component id="oc-7c">
         <name>.int34</name>
         <load_address>0xffd4</load_address>
         <run_address>0xffd4</run_address>
         <size>0x2</size>
         <input_file_ref idref="fl-67"/>
      </object_component>
      <object_component id="oc-7d">
         <name>.int35</name>
         <load_address>0xffd6</load_address>
         <run_address>0xffd6</run_address>
         <size>0x2</size>
         <input_file_ref idref="fl-68"/>
      </object_component>
      <object_component id="oc-7e">
         <name>.int36</name>
         <load_address>0xffd8</load_address>
         <run_address>0xffd8</run_address>
         <size>0x2</size>
         <input_file_ref idref="fl-69"/>
      </object_component>
      <object_component id="oc-7f">
         <name>.int37</name>
         <load_address>0xffda</load_address>
         <run_address>0xffda</run_address>
         <size>0x2</size>
         <input_file_ref idref="fl-6a"/>
      </object_component>
      <object_component id="oc-80">
         <name>.int38</name>
         <load_address>0xffdc</load_address>
         <run_address>0xffdc</run_address>
         <size>0x2</size>
         <input_file_ref idref="fl-6b"/>
      </object_component>
      <object_component id="oc-81">
         <name>.int39</name>
         <load_address>0xffde</load_address>
         <run_address>0xffde</run_address>
         <size>0x2</size>
         <input_file_ref idref="fl-6c"/>
      </object_component>
      <object_component id="oc-82">
         <name>.int40</name>
         <load_address>0xffe0</load_address>
         <run_address>0xffe0</run_address>
         <size>0x2</size>
         <input_file_ref idref="fl-6d"/>
      </object_component>
      <object_component id="oc-83">
         <name>.int41</name>
         <load_address>0xffe2</load_address>
         <run_address>0xffe2</run_address>
         <size>0x2</size>
         <input_file_ref idref="fl-6e"/>
      </object_component>
      <object_component id="oc-84">
         <name>.int42</name>
         <load_address>0xffe4</load_address>
         <run_address>0xffe4</run_address>
         <size>0x2</size>
         <input_file_ref idref="fl-6f"/>
      </object_component>
      <object_component id="oc-85">
         <name>.int43</name>
         <load_address>0xffe6</load_address>
         <run_address>0xffe6</run_address>
         <size>0x2</size>
         <input_file_ref idref="fl-70"/>
      </object_component>
      <object_component id="oc-86">
         <name>.int44</name>
         <load_address>0xffe8</load_address>
         <run_address>0xffe8</run_address>
         <size>0x2</size>
         <input_file_ref idref="fl-71"/>
      </object_component>
      <object_component id="oc-87">
         <name>.int45</name>
         <load_address>0xffea</load_address>
         <run_address>0xffea</run_address>
         <size>0x2</size>
         <input_file_ref idref="fl-72"/>
      </object_component>
      <object_component id="oc-88">
         <name>.int46</name>
         <load_address>0xffec</load_address>
         <run_address>0xffec</run_address>
         <size>0x2</size>
         <input_file_ref idref="fl-73"/>
      </object_component>
      <object_component id="oc-89">
         <name>.int47</name>
         <load_address>0xffee</load_address>
         <run_address>0xffee</run_address>
         <size>0x2</size>
         <input_file_ref idref="fl-74"/>
      </object_component>
      <object_component id="oc-8a">
         <name>.int48</name>
         <load_address>0xfff0</load_address>
         <run_address>0xfff0</run_address>
         <size>0x2</size>
         <input_file_ref idref="fl-75"/>
      </object_component>
      <object_component id="oc-8b">
         <name>.int49</name>
         <load_address>0xfff2</load_address>
         <run_address>0xfff2</run_address>
         <size>0x2</size>
         <input_file_ref idref="fl-76"/>
      </object_component>
      <object_component id="oc-8c">
         <name>.int50</name>
         <load_address>0xfff4</load_address>
         <run_address>0xfff4</run_address>
         <size>0x2</size>
         <input_file_ref idref="fl-77"/>
      </object_component>
      <object_component id="oc-8d">
         <name>.int51</name>
         <load_address>0xfff6</load_address>
         <run_address>0xfff6</run_address>
         <size>0x2</size>
         <input_file_ref idref="fl-78"/>
      </object_component>
      <object_component id="oc-8e">
         <name>.int52</name>
         <load_address>0xfff8</load_address>
         <run_address>0xfff8</run_address>
         <size>0x2</size>
         <input_file_ref idref="fl-79"/>
      </object_component>
      <object_component id="oc-8f">
         <name>.int53</name>
         <load_address>0xfffa</load_address>
         <run_address>0xfffa</run_address>
         <size>0x2</size>
         <input_file_ref idref="fl-7a"/>
      </object_component>
      <object_component id="oc-90">
         <name>.int54</name>
         <load_address>0xfffc</load_address>
         <run_address>0xfffc</run_address>
         <size>0x2</size>
         <input_file_ref idref="fl-7b"/>
      </object_component>
      <object_component id="oc-d9">
         <name>.reset</name>
         <load_address>0xfffe</load_address>
         <run_address>0xfffe</run_address>
         <size>0x2</size>
         <input_file_ref idref="fl-13"/>
      </object_component>
      <object_component id="oc-d3">
         <name>xdc.meta</name>
         <load_address>0x0</load_address>
         <run_address>0x0</run_address>
         <size>0xf4</size>
         <input_file_ref idref="fl-b"/>
      </object_component>
      <object_component id="oc-3ae">
         <name>.debug_info</name>
         <load_address>0x0</load_address>
         <run_address>0x0</run_address>
         <size>0x1fa</size>
         <input_file_ref idref="fl-2"/>
      </object_component>
      <object_component id="oc-185">
         <name>.debug_info</name>
         <load_address>0x1fa</load_address>
         <run_address>0x1fa</run_address>
         <size>0x1f3</size>
         <input_file_ref idref="fl-2"/>
      </object_component>
      <object_component id="oc-211">
         <name>.debug_info</name>
         <load_address>0x3ed</load_address>
         <run_address>0x3ed</run_address>
         <size>0x143</size>
         <input_file_ref idref="fl-2"/>
      </object_component>
      <object_component id="oc-2ba">
         <name>.debug_info</name>
         <load_address>0x530</load_address>
         <run_address>0x530</run_address>
         <size>0xf5</size>
         <input_file_ref idref="fl-2"/>
      </object_component>
      <object_component id="oc-1c5">
         <name>.debug_info</name>
         <load_address>0x625</load_address>
         <run_address>0x625</run_address>
         <size>0x8b</size>
         <input_file_ref idref="fl-2"/>
      </object_component>
      <object_component id="oc-162">
         <name>.debug_info</name>
         <load_address>0x6b0</load_address>
         <run_address>0x6b0</run_address>
         <size>0x18b</size>
         <input_file_ref idref="fl-2"/>
      </object_component>
      <object_component id="oc-248">
         <name>.debug_info</name>
         <load_address>0x83b</load_address>
         <run_address>0x83b</run_address>
         <size>0x2c</size>
         <input_file_ref idref="fl-2"/>
      </object_component>
      <object_component id="oc-17a">
         <name>.debug_info</name>
         <load_address>0x867</load_address>
         <run_address>0x867</run_address>
         <size>0x215</size>
         <input_file_ref idref="fl-3"/>
      </object_component>
      <object_component id="oc-12d">
         <name>.debug_info</name>
         <load_address>0xa7c</load_address>
         <run_address>0xa7c</run_address>
         <size>0x12c</size>
         <input_file_ref idref="fl-3"/>
      </object_component>
      <object_component id="oc-13f">
         <name>.debug_info</name>
         <load_address>0xba8</load_address>
         <run_address>0xba8</run_address>
         <size>0x84</size>
         <input_file_ref idref="fl-3"/>
      </object_component>
      <object_component id="oc-22f">
         <name>.debug_info</name>
         <load_address>0xc2c</load_address>
         <run_address>0xc2c</run_address>
         <size>0x214</size>
         <input_file_ref idref="fl-4"/>
      </object_component>
      <object_component id="oc-180">
         <name>.debug_info</name>
         <load_address>0xe40</load_address>
         <run_address>0xe40</run_address>
         <size>0x218</size>
         <input_file_ref idref="fl-4"/>
      </object_component>
      <object_component id="oc-343">
         <name>.debug_info</name>
         <load_address>0x1058</load_address>
         <run_address>0x1058</run_address>
         <size>0x661</size>
         <input_file_ref idref="fl-5"/>
      </object_component>
      <object_component id="oc-350">
         <name>.debug_info</name>
         <load_address>0x16b9</load_address>
         <run_address>0x16b9</run_address>
         <size>0x106</size>
         <input_file_ref idref="fl-5"/>
      </object_component>
      <object_component id="oc-217">
         <name>.debug_info</name>
         <load_address>0x17bf</load_address>
         <run_address>0x17bf</run_address>
         <size>0x3ae</size>
         <input_file_ref idref="fl-5"/>
      </object_component>
      <object_component id="oc-21d">
         <name>.debug_info</name>
         <load_address>0x1b6d</load_address>
         <run_address>0x1b6d</run_address>
         <size>0x28a</size>
         <input_file_ref idref="fl-5"/>
      </object_component>
      <object_component id="oc-345">
         <name>.debug_info</name>
         <load_address>0x1df7</load_address>
         <run_address>0x1df7</run_address>
         <size>0x1eb</size>
         <input_file_ref idref="fl-5"/>
      </object_component>
      <object_component id="oc-36a">
         <name>.debug_info</name>
         <load_address>0x1fe2</load_address>
         <run_address>0x1fe2</run_address>
         <size>0x3bf</size>
         <input_file_ref idref="fl-6"/>
      </object_component>
      <object_component id="oc-223">
         <name>.debug_info</name>
         <load_address>0x23a1</load_address>
         <run_address>0x23a1</run_address>
         <size>0x319</size>
         <input_file_ref idref="fl-6"/>
      </object_component>
      <object_component id="oc-229">
         <name>.debug_info</name>
         <load_address>0x26ba</load_address>
         <run_address>0x26ba</run_address>
         <size>0x239</size>
         <input_file_ref idref="fl-6"/>
      </object_component>
      <object_component id="oc-3a6">
         <name>.debug_info</name>
         <load_address>0x28f3</load_address>
         <run_address>0x28f3</run_address>
         <size>0x464</size>
         <input_file_ref idref="fl-7"/>
      </object_component>
      <object_component id="oc-38e">
         <name>.debug_info</name>
         <load_address>0x2d57</load_address>
         <run_address>0x2d57</run_address>
         <size>0x1f8</size>
         <input_file_ref idref="fl-7"/>
      </object_component>
      <object_component id="oc-237">
         <name>.debug_info</name>
         <load_address>0x2f4f</load_address>
         <run_address>0x2f4f</run_address>
         <size>0x287</size>
         <input_file_ref idref="fl-7"/>
      </object_component>
      <object_component id="oc-3a8">
         <name>.debug_info</name>
         <load_address>0x31d6</load_address>
         <run_address>0x31d6</run_address>
         <size>0x21c</size>
         <input_file_ref idref="fl-7"/>
      </object_component>
      <object_component id="oc-231">
         <name>.debug_info</name>
         <load_address>0x33f2</load_address>
         <run_address>0x33f2</run_address>
         <size>0x1d8</size>
         <input_file_ref idref="fl-7"/>
      </object_component>
      <object_component id="oc-23d">
         <name>.debug_info</name>
         <load_address>0x35ca</load_address>
         <run_address>0x35ca</run_address>
         <size>0x286</size>
         <input_file_ref idref="fl-7"/>
      </object_component>
      <object_component id="oc-13c">
         <name>.debug_info</name>
         <load_address>0x3850</load_address>
         <run_address>0x3850</run_address>
         <size>0x21d</size>
         <input_file_ref idref="fl-b"/>
      </object_component>
      <object_component id="oc-d4">
         <name>.debug_info</name>
         <load_address>0x3a6d</load_address>
         <run_address>0x3a6d</run_address>
         <size>0x166</size>
         <input_file_ref idref="fl-b"/>
      </object_component>
      <object_component id="oc-101">
         <name>.debug_info</name>
         <load_address>0x3bd3</load_address>
         <run_address>0x3bd3</run_address>
         <size>0x192</size>
         <input_file_ref idref="fl-b"/>
      </object_component>
      <object_component id="oc-18d">
         <name>.debug_info</name>
         <load_address>0x3d65</load_address>
         <run_address>0x3d65</run_address>
         <size>0x364</size>
         <input_file_ref idref="fl-b"/>
      </object_component>
      <object_component id="oc-1b1">
         <name>.debug_info</name>
         <load_address>0x40c9</load_address>
         <run_address>0x40c9</run_address>
         <size>0xd5</size>
         <input_file_ref idref="fl-b"/>
      </object_component>
      <object_component id="oc-243">
         <name>.debug_info</name>
         <load_address>0x419e</load_address>
         <run_address>0x419e</run_address>
         <size>0x46</size>
         <input_file_ref idref="fl-b"/>
      </object_component>
      <object_component id="oc-d7">
         <name>.debug_info</name>
         <load_address>0x41e4</load_address>
         <run_address>0x41e4</run_address>
         <size>0xd4</size>
         <input_file_ref idref="fl-13"/>
      </object_component>
      <object_component id="oc-1bb">
         <name>.debug_info</name>
         <load_address>0x42b8</load_address>
         <run_address>0x42b8</run_address>
         <size>0x2c</size>
         <input_file_ref idref="fl-13"/>
      </object_component>
      <object_component id="oc-b0">
         <name>.debug_info</name>
         <load_address>0x42e4</load_address>
         <run_address>0x42e4</run_address>
         <size>0x1b2</size>
         <input_file_ref idref="fl-14"/>
      </object_component>
      <object_component id="oc-109">
         <name>.debug_info</name>
         <load_address>0x4496</load_address>
         <run_address>0x4496</run_address>
         <size>0x11c</size>
         <input_file_ref idref="fl-15"/>
      </object_component>
      <object_component id="oc-161">
         <name>.debug_info</name>
         <load_address>0x45b2</load_address>
         <run_address>0x45b2</run_address>
         <size>0x9ad</size>
         <input_file_ref idref="fl-16"/>
      </object_component>
      <object_component id="oc-110">
         <name>.debug_info</name>
         <load_address>0x4f5f</load_address>
         <run_address>0x4f5f</run_address>
         <size>0x1ed</size>
         <input_file_ref idref="fl-16"/>
      </object_component>
      <object_component id="oc-1ac">
         <name>.debug_info</name>
         <load_address>0x514c</load_address>
         <run_address>0x514c</run_address>
         <size>0x2b4</size>
         <input_file_ref idref="fl-16"/>
      </object_component>
      <object_component id="oc-19d">
         <name>.debug_info</name>
         <load_address>0x5400</load_address>
         <run_address>0x5400</run_address>
         <size>0x363</size>
         <input_file_ref idref="fl-16"/>
      </object_component>
      <object_component id="oc-25e">
         <name>.debug_info</name>
         <load_address>0x5763</load_address>
         <run_address>0x5763</run_address>
         <size>0x2a1</size>
         <input_file_ref idref="fl-16"/>
      </object_component>
      <object_component id="oc-277">
         <name>.debug_info</name>
         <load_address>0x5a04</load_address>
         <run_address>0x5a04</run_address>
         <size>0x237</size>
         <input_file_ref idref="fl-16"/>
      </object_component>
      <object_component id="oc-27c">
[...]
      </symbol>
      <symbol id="sm-6a7">
         <name>__TI_int33</name>
         <value>0xffd2</value>
         <object_component_ref idref="oc-7b"/>
      </symbol>
      <symbol id="sm-6aa">
         <name>__TI_int34</name>
         <value>0xffd4</value>
         <object_component_ref idref="oc-7c"/>
      </symbol>
      <symbol id="sm-6ad">
         <name>__TI_int35</name>
         <value>0xffd6</value>
         <object_component_ref idref="oc-7d"/>
      </symbol>
      <symbol id="sm-6b0">
         <name>__TI_int36</name>
         <value>0xffd8</value>
         <object_component_ref idref="oc-7e"/>
      </symbol>
      <symbol id="sm-6b3">
         <name>__TI_int37</name>
         <value>0xffda</value>
         <object_component_ref idref="oc-7f"/>
      </symbol>
      <symbol id="sm-6b6">
         <name>__TI_int38</name>
         <value>0xffdc</value>
         <object_component_ref idref="oc-80"/>
      </symbol>
      <symbol id="sm-6b9">
         <name>__TI_int39</name>
         <value>0xffde</value>
         <object_component_ref idref="oc-81"/>
      </symbol>
      <symbol id="sm-6bc">
         <name>__TI_int40</name>
         <value>0xffe0</value>
         <object_component_ref idref="oc-82"/>
      </symbol>
      <symbol id="sm-6bf">
         <name>__TI_int41</name>
         <value>0xffe2</value>
         <object_component_ref idref="oc-83"/>
      </symbol>
      <symbol id="sm-6c2">
         <name>__TI_int42</name>
         <value>0xffe4</value>
         <object_component_ref idref="oc-84"/>
      </symbol>
      <symbol id="sm-6c5">
         <name>__TI_int43</name>
         <value>0xffe6</value>
         <object_component_ref idref="oc-85"/>
      </symbol>
      <symbol id="sm-6c8">
         <name>__TI_int44</name>
         <value>0xffe8</value>
         <object_component_ref idref="oc-86"/>
      </symbol>
      <symbol id="sm-6cb">
         <name>__TI_int45</name>
         <value>0xffea</value>
         <object_component_ref idref="oc-87"/>
      </symbol>
      <symbol id="sm-6ce">
         <name>__TI_int46</name>
         <value>0xffec</value>
         <object_component_ref idref="oc-88"/>
      </symbol>
      <symbol id="sm-6d1">
         <name>__TI_int47</name>
         <value>0xffee</value>
         <object_component_ref idref="oc-89"/>
      </symbol>
      <symbol id="sm-6d4">
         <name>__TI_int48</name>
         <value>0xfff0</value>
         <object_component_ref idref="oc-8a"/>
      </symbol>
      <symbol id="sm-6d7">
         <name>__TI_int49</name>
         <value>0xfff2</value>
         <object_component_ref idref="oc-8b"/>
      </symbol>
      <symbol id="sm-6da">
         <name>__TI_int50</name>
         <value>0xfff4</value>
         <object_component_ref idref="oc-8c"/>
      </symbol>
      <symbol id="sm-6dd">
         <name>__TI_int51</name>
         <value>0xfff6</value>
         <object_component_ref idref="oc-8d"/>
      </symbol>
      <symbol id="sm-6e0">
         <name>__TI_int52</name>
         <value>0xfff8</value>
         <object_component_ref idref="oc-8e"/>
      </symbol>
      <symbol id="sm-6e3">
         <name>__TI_int53</name>
         <value>0xfffa</value>
         <object_component_ref idref="oc-8f"/>
      </symbol>
      <symbol id="sm-6e6">
         <name>__TI_int54</name>
         <value>0xfffc</value>
         <object_component_ref idref="oc-90"/>
      </symbol>
      <symbol id="sm-6ee">
         <name>__TI_ISR_TRAP</name>
         <value>0xfc9a</value>
         <object_component_ref idref="oc-f4"/>
      </symbol>
      <symbol id="sm-6fe">
         <name>__mspabi_slll_9</name>
         <value>0xf690</value>
         <object_component_ref idref="oc-44e"/>
      </symbol>
      <symbol id="sm-6ff">
         <name>__mspabi_slll_8</name>
         <value>0xf694</value>
         <object_component_ref idref="oc-44e"/>
      </symbol>
      <symbol id="sm-700">
         <name>__mspabi_slll_7</name>
         <value>0xf698</value>
         <object_component_ref idref="oc-44e"/>
      </symbol>
      <symbol id="sm-701">
         <name>__mspabi_slll_6</name>
         <value>0xf69c</value>
         <object_component_ref idref="oc-44e"/>
      </symbol>
      <symbol id="sm-702">
         <name>__mspabi_slll_5</name>
         <value>0xf6a0</value>
         <object_component_ref idref="oc-44e"/>
      </symbol>
      <symbol id="sm-703">
         <name>__mspabi_slll_4</name>
         <value>0xf6a4</value>
         <object_component_ref idref="oc-44e"/>
      </symbol>
      <symbol id="sm-704">
         <name>__mspabi_slll_3</name>
         <value>0xf6a8</value>
         <object_component_ref idref="oc-44e"/>
      </symbol>
      <symbol id="sm-705">
         <name>__mspabi_slll_2</name>
         <value>0xf6ac</value>
         <object_component_ref idref="oc-44e"/>
      </symbol>
      <symbol id="sm-706">
         <name>__mspabi_slll_1</name>
         <value>0xf6b0</value>
         <object_component_ref idref="oc-44e"/>
      </symbol>
      <symbol id="sm-707">
         <name>__mspabi_slll</name>
         <value>0xfb32</value>
         <object_component_ref idref="oc-4fe"/>
      </symbol>
      <symbol id="sm-708">
         <name>__mspabi_slll_15</name>
         <value>0xf678</value>
         <object_component_ref idref="oc-44e"/>
      </symbol>
      <symbol id="sm-709">
         <name>__mspabi_slll_14</name>
         <value>0xf67c</value>
         <object_component_ref idref="oc-44e"/>
      </symbol>
      <symbol id="sm-70a">
         <name>__mspabi_slll_13</name>
         <value>0xf680</value>
         <object_component_ref idref="oc-44e"/>
      </symbol>
      <symbol id="sm-70b">
         <name>__mspabi_slll_12</name>
         <value>0xf684</value>
         <object_component_ref idref="oc-44e"/>
      </symbol>
      <symbol id="sm-70c">
         <name>__mspabi_slll_11</name>
         <value>0xf688</value>
         <object_component_ref idref="oc-44e"/>
      </symbol>
      <symbol id="sm-70d">
         <name>__mspabi_slll_10</name>
         <value>0xf68c</value>
         <object_component_ref idref="oc-44e"/>
      </symbol>
      <symbol id="sm-71d">
         <name>__mspabi_srll_8</name>
         <value>0xf6d2</value>
         <object_component_ref idref="oc-47c"/>
      </symbol>
      <symbol id="sm-71e">
         <name>__mspabi_srll_9</name>
         <value>0xf6ce</value>
         <object_component_ref idref="oc-47c"/>
      </symbol>
      <symbol id="sm-71f">
         <name>__mspabi_srll_6</name>
         <value>0xf6da</value>
         <object_component_ref idref="oc-47c"/>
      </symbol>
      <symbol id="sm-720">
         <name>__mspabi_srll_7</name>
         <value>0xf6d6</value>
         <object_component_ref idref="oc-47c"/>
      </symbol>
      <symbol id="sm-721">
         <name>__mspabi_srll_4</name>
         <value>0xf6e2</value>
         <object_component_ref idref="oc-47c"/>
      </symbol>
      <symbol id="sm-722">
         <name>__mspabi_srll_5</name>
         <value>0xf6de</value>
         <object_component_ref idref="oc-47c"/>
      </symbol>
      <symbol id="sm-723">
         <name>__mspabi_srll_2</name>
         <value>0xf6ea</value>
         <object_component_ref idref="oc-47c"/>
      </symbol>
      <symbol id="sm-724">
         <name>__mspabi_srll_3</name>
         <value>0xf6e6</value>
         <object_component_ref idref="oc-47c"/>
      </symbol>
      <symbol id="sm-725">
         <name>__mspabi_srll_1</name>
         <value>0xf6ee</value>
         <object_component_ref idref="oc-47c"/>
      </symbol>
      <symbol id="sm-726">
         <name>__mspabi_srll_15</name>
         <value>0xf6b6</value>
         <object_component_ref idref="oc-47c"/>
      </symbol>
      <symbol id="sm-727">
         <name>__mspabi_srll_14</name>
         <value>0xf6ba</value>
         <object_component_ref idref="oc-47c"/>
      </symbol>
      <symbol id="sm-728">
         <name>__mspabi_srll_13</name>
         <value>0xf6be</value>
         <object_component_ref idref="oc-47c"/>
      </symbol>
      <symbol id="sm-729">
         <name>__mspabi_srll_12</name>
         <value>0xf6c2</value>
         <object_component_ref idref="oc-47c"/>
      </symbol>
      <symbol id="sm-72a">
         <name>__mspabi_srll_11</name>
         <value>0xf6c6</value>
         <object_component_ref idref="oc-47c"/>
      </symbol>
      <symbol id="sm-72b">
         <name>__mspabi_srll_10</name>
         <value>0xf6ca</value>
         <object_component_ref idref="oc-47c"/>
      </symbol>
      <symbol id="sm-72c">
         <name>__mspabi_srll</name>
         <value>0xfb42</value>
         <object_component_ref idref="oc-4ab"/>
      </symbol>
      <symbol id="sm-73a">
         <name>memcpy</name>
         <value>0xfaea</value>
         <object_component_ref idref="oc-da"/>
      </symbol>
      <symbol id="sm-75b">
         <name>__mspabi_mpyd</name>
         <value>0xde40</value>
         <object_component_ref idref="oc-377"/>
      </symbol>
      <symbol id="sm-770">
         <name>__mspabi_mpyi_f5hw</name>
         <value>0xfaac</value>
         <object_component_ref idref="oc-523"/>
      </symbol>
      <symbol id="sm-791">
         <name>__mspabi_mpyl_f5hw</name>
         <value>0xf9ea</value>
         <object_component_ref idref="oc-4d4"/>
      </symbol>
      <symbol id="sm-7ea">
         <name>pow</name>
         <value>0xc600</value>
         <object_component_ref idref="oc-371"/>
      </symbol>
      <symbol id="sm-7f3">
         <name>__mspabi_subd</name>
         <value>0xf7ce</value>
         <object_component_ref idref="oc-421"/>
      </symbol>
      <symbol id="sm-80d">
         <name>_Dint</name>
         <value>0xe9a2</value>
         <object_component_ref idref="oc-3ee"/>
      </symbol>
      <symbol id="sm-81f">
         <name>_Dunscale</name>
         <value>0xf008</value>
         <object_component_ref idref="oc-3e8"/>
      </symbol>
      <symbol id="sm-848">
         <name>_Exp</name>
         <value>0xd4fc</value>
         <object_component_ref idref="oc-439"/>
      </symbol>
      <symbol id="sm-854">
         <name>_Feraise</name>
         <value>0xf764</value>
         <object_component_ref idref="oc-3fa"/>
      </symbol>
      <symbol id="sm-85b">
         <name>_Rteps</name>
         <value>0x1d10</value>
         <object_component_ref idref="oc-400"/>
      </symbol>
      <symbol id="sm-85c">
         <name>_Zero</name>
         <value>0x1d28</value>
         <object_component_ref idref="oc-400"/>
      </symbol>
      <symbol id="sm-85d">
         <name>_Hugeval</name>
         <value>0x1cd0</value>
         <object_component_ref idref="oc-400"/>
      </symbol>
      <symbol id="sm-85e">
         <name>_Snan</name>
         <value>0x1d00</value>
         <object_component_ref idref="oc-400"/>
      </symbol>
      <symbol id="sm-85f">
         <name>_Nan</name>
         <value>0x1cf0</value>
         <object_component_ref idref="oc-400"/>
      </symbol>
      <symbol id="sm-860">
         <name>_Inf</name>
         <value>0x1ce0</value>
         <object_component_ref idref="oc-400"/>
      </symbol>
      <symbol id="sm-861">
         <name>_Xbig</name>
         <value>0x1d20</value>
         <object_component_ref idref="oc-400"/>
      </symbol>
      <symbol id="sm-862">
         <name>_Eps</name>
         <value>0x1cc0</value>
         <object_component_ref idref="oc-400"/>
      </symbol>
      <symbol id="sm-863">
         <name>_Denorm</name>
         <value>0x1cb0</value>
         <object_component_ref idref="oc-400"/>
      </symbol>
      <symbol id="sm-879">
         <name>_nop</name>
         <value>0xfcb0</value>
         <object_component_ref idref="oc-1d1"/>
      </symbol>
      <symbol id="sm-87a">
         <name>_lock</name>
         <value>0x1da0</value>
         <object_component_ref idref="oc-169"/>
      </symbol>
      <symbol id="sm-87b">
         <name>_unlock</name>
         <value>0x1da4</value>
         <object_component_ref idref="oc-16c"/>
      </symbol>
      <symbol id="sm-89d">
         <name>__mspabi_addd</name>
         <value>0xdb68</value>
         <object_component_ref idref="oc-409"/>
      </symbol>
      <symbol id="sm-8b7">
         <name>__mspabi_cmpd</name>
         <value>0xe8ca</value>
         <object_component_ref idref="oc-3f4"/>
      </symbol>
      <symbol id="sm-8d8">
         <name>__mspabi_divd</name>
         <value>0xe314</value>
         <object_component_ref idref="oc-433"/>
      </symbol>
      <symbol id="sm-8df">
         <name>_Errno</name>
         <value>0x1da8</value>
         <object_component_ref idref="oc-496"/>
      </symbol>
      <symbol id="sm-8f7">
         <name>feraiseexcept</name>
         <value>0xf79a</value>
         <object_component_ref idref="oc-490"/>
      </symbol>
      <symbol id="sm-8f8">
         <name>_Tls_setup__Fenv</name>
         <value>0x1d9c</value>
         <object_component_ref idref="oc-4f2"/>
      </symbol>
      <symbol id="sm-8f9">
         <name>_Fenv</name>
         <value>0x1d98</value>
         <object_component_ref idref="oc-4f2"/>
      </symbol>
      <symbol id="sm-906">
         <name>__mspabi_fixdi</name>
         <value>0xf90e</value>
         <object_component_ref idref="oc-427"/>
      </symbol>
      <symbol id="sm-915">
         <name>__mspabi_fixdli</name>
         <value>0xf1b8</value>
         <object_component_ref idref="oc-415"/>
      </symbol>
      <symbol id="sm-91e">
         <name>__mspabi_fltid</name>
         <value>0xfbd4</value>
         <object_component_ref idref="oc-40f"/>
      </symbol>
      <symbol id="sm-936">
         <name>__mspabi_fltlid</name>
         <value>0xebd6</value>
         <object_component_ref idref="oc-41b"/>
      </symbol>
      <symbol id="sm-957">
         <name>__TI_frcaddd</name>
         <value>0xe0c2</value>
         <object_component_ref idref="oc-4a2"/>
      </symbol>
      <symbol id="sm-972">
         <name>__TI_frcdivd</name>
         <value>0xcc8a</value>
         <object_component_ref idref="oc-4bc"/>
      </symbol>
      <symbol id="sm-983">
         <name>__TI_frcmpyd</name>
         <value>0xd884</value>
         <object_component_ref idref="oc-441"/>
      </symbol>
      <symbol id="sm-98c">
         <name>log</name>
         <value>0xfb7c</value>
         <object_component_ref idref="oc-42d"/>
      </symbol>
      <symbol id="sm-997">
         <name>__mspabi_negd</name>
         <value>0xf860</value>
         <object_component_ref idref="oc-403"/>
      </symbol>
      <symbol id="sm-9ab">
         <name>raise</name>
         <value>0xf800</value>
         <object_component_ref idref="oc-4f5"/>
      </symbol>
      <symbol id="sm-9bf">
         <name>__TI_renormd</name>
         <value>0xeb24</value>
         <object_component_ref idref="oc-508"/>
      </symbol>
      <symbol id="sm-9d4">
         <name>signal</name>
         <value>0xf72c</value>
         <object_component_ref idref="oc-54c"/>
      </symbol>
      <symbol id="sm-9e7">
         <name>_Dnorm</name>
         <value>0xe6d4</value>
         <object_component_ref idref="oc-483"/>
      </symbol>
      <symbol id="sm-a06">
         <name>_Dscale</name>
         <value>0xe536</value>
         <object_component_ref idref="oc-4ca"/>
      </symbol>
      <symbol id="sm-a30">
         <name>_Log</name>
         <value>0xd0dc</value>
         <object_component_ref idref="oc-4b5"/>
      </symbol>
      <symbol id="sm-a40">
         <name>__mspabi_sral</name>
         <value>0xfb22</value>
         <object_component_ref idref="oc-503"/>
      </symbol>
      <symbol id="sm-a41">
         <name>__mspabi_sral_15</name>
         <value>0xf63a</value>
         <object_component_ref idref="oc-4d9"/>
      </symbol>
      <symbol id="sm-a42">
         <name>__mspabi_sral_14</name>
         <value>0xf63e</value>
         <object_component_ref idref="oc-4d9"/>
      </symbol>
      <symbol id="sm-a43">
         <name>__mspabi_sral_13</name>
         <value>0xf642</value>
         <object_component_ref idref="oc-4d9"/>
      </symbol>
      <symbol id="sm-a44">
         <name>__mspabi_sral_12</name>
         <value>0xf646</value>
         <object_component_ref idref="oc-4d9"/>
      </symbol>
      <symbol id="sm-a45">
         <name>__mspabi_sral_11</name>
         <value>0xf64a</value>
         <object_component_ref idref="oc-4d9"/>
      </symbol>
      <symbol id="sm-a46">
         <name>__mspabi_sral_10</name>
         <value>0xf64e</value>
         <object_component_ref idref="oc-4d9"/>
      </symbol>
      <symbol id="sm-a47">
         <name>__mspabi_sral_8</name>
         <value>0xf656</value>
         <object_component_ref idref="oc-4d9"/>
      </symbol>
      <symbol id="sm-a48">
         <name>__mspabi_sral_9</name>
         <value>0xf652</value>
         <object_component_ref idref="oc-4d9"/>
      </symbol>
      <symbol id="sm-a49">
         <name>__mspabi_sral_6</name>
         <value>0xf65e</value>
         <object_component_ref idref="oc-4d9"/>
      </symbol>
      <symbol id="sm-a4a">
         <name>__mspabi_sral_7</name>
         <value>0xf65a</value>
         <object_component_ref idref="oc-4d9"/>
      </symbol>
      <symbol id="sm-a4b">
         <name>__mspabi_sral_4</name>
         <value>0xf666</value>
         <object_component_ref idref="oc-4d9"/>
      </symbol>
      <symbol id="sm-a4c">
         <name>__mspabi_sral_5</name>
         <value>0xf662</value>
         <object_component_ref idref="oc-4d9"/>
      </symbol>
      <symbol id="sm-a4d">
         <name>__mspabi_sral_2</name>
         <value>0xf66e</value>
         <object_component_ref idref="oc-4d9"/>
      </symbol>
      <symbol id="sm-a4e">
         <name>__mspabi_sral_3</name>
         <value>0xf66a</value>
         <object_component_ref idref="oc-4d9"/>
      </symbol>
      <symbol id="sm-a4f">
         <name>__mspabi_sral_1</name>
         <value>0xf672</value>
         <object_component_ref idref="oc-4d9"/>
      </symbol>
      <symbol id="sm-a5d">
         <name>__mspabi_cvtfd</name>
         <value>0xf21e</value>
         <object_component_ref idref="oc-518"/>
      </symbol>
      <symbol id="sm-a66">
         <name>__mspabi_slli</name>
         <value>0xfc1c</value>
         <object_component_ref idref="oc-535"/>
      </symbol>
      <symbol id="sm-a6f">
         <name>__mspabi_srli</name>
         <value>0xfc26</value>
         <object_component_ref idref="oc-530"/>
      </symbol>
      <symbol id="sm-a76">
         <name>_FZero</name>
         <value>0x1d94</value>
         <object_component_ref idref="oc-515"/>
      </symbol>
      <symbol id="sm-a77">
         <name>_FRteps</name>
         <value>0x1d80</value>
         <object_component_ref idref="oc-515"/>
      </symbol>
      <symbol id="sm-a78">
         <name>_FSnan</name>
         <value>0x1d70</value>
         <object_component_ref idref="oc-515"/>
      </symbol>
      <symbol id="sm-a79">
         <name>_FNan</name>
         <value>0x1d60</value>
         <object_component_ref idref="oc-515"/>
      </symbol>
      <symbol id="sm-a7a">
         <name>_FInf</name>
         <value>0x1d50</value>
         <object_component_ref idref="oc-515"/>
      </symbol>
      <symbol id="sm-a7b">
         <name>_FEps</name>
         <value>0x1d40</value>
         <object_component_ref idref="oc-515"/>
      </symbol>
      <symbol id="sm-a7c">
         <name>_FXbig</name>
         <value>0x1d90</value>
         <object_component_ref idref="oc-515"/>
      </symbol>
      <symbol id="sm-a7d">
         <name>_FDenorm</name>
         <value>0x1d30</value>
         <object_component_ref idref="oc-515"/>
      </symbol>
      <symbol id="sm-a82">
         <name>__TI_INITARRAY_Base</name>
         <value>0x0</value>
      </symbol>
      <symbol id="sm-a83">
         <name>__TI_INITARRAY_Limit</name>
         <value>0x0</value>
      </symbol>
   </symbol_table>
   <title>Link successful</title>
</link_info>
